Archive member included to satisfy reference by file (symbol)

C:/devkitPro/libnx/lib\libnx.a(applet.o)
                              main.o (appletMainLoop)
C:/devkitPro/libnx/lib\libnx.a(hid.o)
                              main.o (hidKeysDown)
C:/devkitPro/libnx/lib\libnx.a(apm.o)
                              C:/devkitPro/libnx/lib\libnx.a(applet.o) (apmExit)
C:/devkitPro/libnx/lib\libnx.a(sm.o)
                              C:/devkitPro/libnx/lib\libnx.a(applet.o) (smGetService)
C:/devkitPro/libnx/lib\libnx.a(fatal.o)
                              C:/devkitPro/libnx/lib\libnx.a(applet.o) (fatalSimple)
C:/devkitPro/libnx/lib\libnx.a(gfx.o)
                              main.o (gfxInitDefault)
C:/devkitPro/libnx/lib\libnx.a(nvgfx.o)
                              C:/devkitPro/libnx/lib\libnx.a(gfx.o) (nvgfxInitialize)
C:/devkitPro/libnx/lib\libnx.a(console.o)
                              main.o (consoleInit)
C:/devkitPro/libnx/lib\libnx.a(cache.o)
                              C:/devkitPro/libnx/lib\libnx.a(gfx.o) (armDCacheFlush)
C:/devkitPro/libnx/lib\libnx.a(svc.o)
                              C:/devkitPro/libnx/lib\libnx.a(fatal.o) (svcExitProcess)
C:/devkitPro/libnx/lib\libnx.a(switch_crt0.o)
                              (_start)
C:/devkitPro/libnx/lib\libnx.a(default_font.bin.o)
                              C:/devkitPro/libnx/lib\libnx.a(console.o) (default_font_bin)
C:/devkitPro/libnx/lib\libnx.a(detect.o)
                              C:/devkitPro/libnx/lib\libnx.a(applet.o) (kernelAbove200)
C:/devkitPro/libnx/lib\libnx.a(shmem.o)
                              C:/devkitPro/libnx/lib\libnx.a(hid.o) (shmemLoadRemote)
C:/devkitPro/libnx/lib\libnx.a(rwlock.o)
                              C:/devkitPro/libnx/lib\libnx.a(hid.o) (rwlockReadLock)
C:/devkitPro/libnx/lib\libnx.a(mutex.o)
                              C:/devkitPro/libnx/lib\libnx.a(detect.o) (mutexLock)
C:/devkitPro/libnx/lib\libnx.a(virtmem.o)
                              C:/devkitPro/libnx/lib\libnx.a(shmem.o) (virtmemReserve)
C:/devkitPro/libnx/lib\libnx.a(event.o)
                              C:/devkitPro/libnx/lib\libnx.a(gfx.o) (eventWait)
C:/devkitPro/libnx/lib\libnx.a(nv.o)
                              C:/devkitPro/libnx/lib\libnx.a(gfx.o) (nvExit)
C:/devkitPro/libnx/lib\libnx.a(vi.o)
                              C:/devkitPro/libnx/lib\libnx.a(gfx.o) (viExit)
C:/devkitPro/libnx/lib\libnx.a(fence.o)
                              C:/devkitPro/libnx/lib\libnx.a(gfx.o) (nvFenceInit)
C:/devkitPro/libnx/lib\libnx.a(nvhost-ctrl.o)
                              C:/devkitPro/libnx/lib\libnx.a(fence.o) (nvioctlNvhostCtrl_EventSignal)
C:/devkitPro/libnx/lib\libnx.a(nvmap.o)
                              C:/devkitPro/libnx/lib\libnx.a(nvgfx.o) (nvioctlNvmap_Create)
C:/devkitPro/libnx/lib\libnx.a(buffer_producer.o)
                              C:/devkitPro/libnx/lib\libnx.a(gfx.o) (bqRequestBuffer)
C:/devkitPro/libnx/lib\libnx.a(binder.o)
                              C:/devkitPro/libnx/lib\libnx.a(gfx.o) (binderCreate)
C:/devkitPro/libnx/lib\libnx.a(parcel.o)
                              C:/devkitPro/libnx/lib\libnx.a(buffer_producer.o) (parcelCreate)
C:/devkitPro/libnx/lib\libnx.a(dynamic.o)
                              C:/devkitPro/libnx/lib\libnx.a(switch_crt0.o) (__nx_dynamic)
C:/devkitPro/libnx/lib\libnx.a(init.o)
                              C:/devkitPro/libnx/lib\libnx.a(switch_crt0.o) (__libnx_init)
C:/devkitPro/libnx/lib\libnx.a(env.o)
                              C:/devkitPro/libnx/lib\libnx.a(init.o) (envSetup)
C:/devkitPro/libnx/lib\libnx.a(newlib.o)
                              C:/devkitPro/libnx/lib\libnx.a(init.o) (__libnx_init_time)
C:/devkitPro/libnx/lib\libnx.a(argv.o)
                              C:/devkitPro/libnx/lib\libnx.a(init.o) (argvSetup)
C:/devkitPro/libnx/lib\libnx.a(fs_dev.o)
                              C:/devkitPro/libnx/lib\libnx.a(init.o) (fsdevMountSdmc)
C:/devkitPro/libnx/lib\libnx.a(decode_utf8.o)
                              C:/devkitPro/libnx/lib\libnx.a(fs_dev.o) (decode_utf8)
C:/devkitPro/libnx/lib\libnx.a(readtp.o)
                              C:/devkitPro/libnx/lib\libnx.a(fs_dev.o) (__aarch64_read_tp)
C:/devkitPro/libnx/lib\libnx.a(tmem.o)
                              C:/devkitPro/libnx/lib\libnx.a(nv.o) (tmemCreate)
C:/devkitPro/libnx/lib\libnx.a(time.o)
                              C:/devkitPro/libnx/lib\libnx.a(init.o) (timeExit)
C:/devkitPro/libnx/lib\libnx.a(fs.o)
                              C:/devkitPro/libnx/lib\libnx.a(init.o) (fsInitialize)
C:/devkitPro/libnx/lib\libnx.a(nxlink.o)
                              C:/devkitPro/libnx/lib\libnx.a(argv.o) (nxlinkSetup)
c:/devkitpro/devkita64/bin/../lib/gcc/aarch64-none-elf/8.2.0/../../../../aarch64-none-elf/lib/pic\libg.a(lib_a-bsearch.o)
                              C:/devkitPro/libnx/lib\libnx.a(fs_dev.o) (bsearch)
[...]
Memory Configuration

Name             Origin             Length             Attributes
*default*        0x0000000000000000 0xffffffffffffffff

Linker script and memory map

                0x0000000000000000                PROVIDE (__start__ = 0x0)
                0x0000000000000000                . = __start__

.crt0           0x0000000000000000      0x130
 *(.crt0)
 .crt0          0x0000000000000000      0x130 C:/devkitPro/libnx/lib\libnx.a(switch_crt0.o)
                0x0000000000000000                _start
                0x0000000000000104                __nx_exit
                0x0000000000000114                __nx_mod0
                0x0000000000000130                . = ALIGN (0x8)

.init           0x0000000000000130       0x38
 *(.init)
 .init          0x0000000000000130       0x18 c:/devkitpro/devkita64/bin/../lib/gcc/aarch64-none-elf/8.2.0/pic/crti.o
                0x0000000000000130                _init
 .init          0x0000000000000148       0x1c c:/devkitpro/devkita64/bin/../lib/gcc/aarch64-none-elf/8.2.0/pic/crtn.o
                0x0000000000000168                . = ALIGN (0x8)
 *fill*         0x0000000000000164        0x4 

.plt            0x0000000000000168        0x0
 *(.plt)
 .plt           0x0000000000000168        0x0 c:/devkitpro/devkita64/bin/../lib/gcc/aarch64-none-elf/8.2.0/pic/crti.o
 *(.iplt)
                0x0000000000000168                . = ALIGN (0x8)

.text           0x0000000000000180    0x26220
 *(.text.unlikely .text.*_unlikely .text.unlikely.*)
 *(.text.exit .text.exit.*)
 .text.exit     0x0000000000000180       0x38 c:/devkitpro/devkita64/bin/../lib/gcc/aarch64-none-elf/8.2.0/../../../../aarch64-none-elf/lib/pic\libg.a(lib_a-exit.o)
                0x0000000000000180                exit
 *(.text.startup .text.startup.*)
 *fill*         0x00000000000001b8        0x8 
 .text.startup.main
                0x00000000000001c0      0x12c main.o
                0x00000000000001c0                main
 *(.text.hot .text.hot.*)
 *(.text .stub .text.* .gnu.linkonce.t.*)
 *fill*         0x00000000000002ec        0x4 
 .text.deregister_tm_clones
                0x00000000000002f0       0x2c c:/devkitpro/devkita64/bin/../lib/gcc/aarch64-none-elf/8.2.0/pic/crtbegin.o
 *fill*         0x000000000000031c        0x4 
 .text.register_tm_clones
                0x0000000000000320       0x38 c:/devkitpro/devkita64/bin/../lib/gcc/aarch64-none-elf/8.2.0/pic/crtbegin.o
 .text.__do_global_dtors_aux
                0x0000000000000358       0x48 c:/devkitpro/devkita64/bin/../lib/gcc/aarch64-none-elf/8.2.0/pic/crtbegin.o
 .text.frame_dummy
                0x00000000000003a0       0x34 c:/devkitpro/devkita64/bin/../lib/gcc/aarch64-none-elf/8.2.0/pic/crtbegin.o
 *fill*         0x00000000000003d4        0xc 
 .text.ipcCloseObjectById
                0x00000000000003e0       0x34 C:/devkitPro/libnx/lib\libnx.a(applet.o)
 *fill*         0x0000000000000414        0xc 
 .text._appletGetHandle
                0x0000000000000420      0x124 C:/devkitPro/libnx/lib\libnx.a(applet.o)
 *fill*         0x0000000000000544        0xc 
 .text._appletGetPerformanceMode.constprop.14
                0x0000000000000550       0xe0 C:/devkitPro/libnx/lib\libnx.a(applet.o)
 .text._appletGetOperationMode.constprop.13
                0x0000000000000630       0xe0 C:/devkitPro/libnx/lib\libnx.a(applet.o)
 .text._appletGetCurrentFocusState.constprop.15
                0x0000000000000710       0xe0 C:/devkitPro/libnx/lib\libnx.a(applet.o)
 .text._appletReceiveMessage
                0x00000000000007f0       0xec C:/devkitPro/libnx/lib\libnx.a(applet.o)
 *fill*         0x00000000000008dc        0x4 
 .text._appletAcquireForegroundRights
                0x00000000000008e0       0xcc C:/devkitPro/libnx/lib\libnx.a(applet.o)
 *fill*         0x00000000000009ac        0x4 
 .text._appletSetPerformanceModeChangedNotification.constprop.17
                0x00000000000009b0       0xd4 C:/devkitPro/libnx/lib\libnx.a(applet.o)
 *fill*         0x0000000000000a84        0xc 
 .text._appletSetOperationModeChangedNotification.constprop.16
                0x0000000000000a90       0xd4 C:/devkitPro/libnx/lib\libnx.a(applet.o)
 *fill*         0x0000000000000b64        0xc 
 .text._appletSetOutOfFocusSuspendingEnabled
                0x0000000000000b70       0xd0 C:/devkitPro/libnx/lib\libnx.a(applet.o)
 .text._appletSetFocusHandlingMode
                0x0000000000000c40       0xd8 C:/devkitPro/libnx/lib\libnx.a(applet.o)
 *fill*         0x0000000000000d18        0x8 
 .text._appletGetAppletResourceUserId.constprop.11
                0x0000000000000d20       0xe0 C:/devkitPro/libnx/lib\libnx.a(applet.o)
 .text._appletGetSessionProxy.constprop.10
                0x0000000000000e00      0x13c C:/devkitPro/libnx/lib\libnx.a(applet.o)
 *fill*         0x0000000000000f3c        0x4 
 .text.appletExit
                0x0000000000000f40      0x564 C:/devkitPro/libnx/lib\libnx.a(applet.o)
                0x0000000000000f40                appletExit
 *fill*         0x00000000000014a4        0xc 
 .text.appletGetAppletType
                0x00000000000014b0       0x10 C:/devkitPro/libnx/lib\libnx.a(applet.o)
                0x00000000000014b0                appletGetAppletType
 .text.appletHook
                0x00000000000014c0       0x28 C:/devkitPro/libnx/lib\libnx.a(applet.o)
                0x00000000000014c0                appletHook
 *fill*         0x00000000000014e8        0x8 
 .text.appletUnhook
                0x00000000000014f0       0x34 C:/devkitPro/libnx/lib\libnx.a(applet.o)
                0x00000000000014f0                appletUnhook
 *fill*         0x0000000000001524        0xc 
 .text.appletGetAppletResourceUserId
                0x0000000000001530       0x28 C:/devkitPro/libnx/lib\libnx.a(applet.o)
                0x0000000000001530                appletGetAppletResourceUserId
 *fill*         0x0000000000001558        0x8 
 .text.appletNotifyRunning
                0x0000000000001560      0x120 C:/devkitPro/libnx/lib\libnx.a(applet.o)
                0x0000000000001560                appletNotifyRunning
 .text.appletInitialize
                0x0000000000001680      0x56c C:/devkitPro/libnx/lib\libnx.a(applet.o)
                0x0000000000001680                appletInitialize
 *fill*         0x0000000000001bec        0x4 
 .text.appletCreateManagedDisplayLayer
                0x0000000000001bf0       0xec C:/devkitPro/libnx/lib\libnx.a(applet.o)
                0x0000000000001bf0                appletCreateManagedDisplayLayer
 *fill*         0x0000000000001cdc        0x4 
 .text.appletGetOperationMode
                0x0000000000001ce0        0xc C:/devkitPro/libnx/lib\libnx.a(applet.o)
                0x0000000000001ce0                appletGetOperationMode
 *fill*         0x0000000000001cec        0x4 
 .text.appletMainLoop
                0x0000000000001cf0      0x144 C:/devkitPro/libnx/lib\libnx.a(applet.o)
                0x0000000000001cf0                appletMainLoop
 *fill*         0x0000000000001e34        0xc 
 .text.ipcCloseObjectById
                0x0000000000001e40       0x34 C:/devkitPro/libnx/lib\libnx.a(hid.o)
 *fill*         0x0000000000001e74        0xc 
 .text._hidGetSharedMemoryHandle.constprop.8
                0x0000000000001e80      0x124 C:/devkitPro/libnx/lib\libnx.a(hid.o)
 *fill*         0x0000000000001fa4        0xc 
 .text._hidCreateAppletResource.constprop.7
                0x0000000000001fb0      0x134 C:/devkitPro/libnx/lib\libnx.a(hid.o)
 *fill*         0x00000000000020e4        0xc 
 .text.hidReset
                0x00000000000020f0      0x1b0 C:/devkitPro/libnx/lib\libnx.a(hid.o)
                0x00000000000020f0                hidReset
 .text.hidGetSharedmemAddr
                0x00000000000022a0        0xc C:/devkitPro/libnx/lib\libnx.a(hid.o)
                0x00000000000022a0                hidGetSharedmemAddr
 *fill*         0x00000000000022ac        0x4 
 .text.hidKeysDown
                0x00000000000022b0       0x6c C:/devkitPro/libnx/lib\libnx.a(hid.o)
                0x00000000000022b0                hidKeysDown
 *fill*         0x000000000000231c        0x4 
 .text.hidTouchCount
                0x0000000000002320        0xc C:/devkitPro/libnx/lib\libnx.a(hid.o)
                0x0000000000002320                hidTouchCount
 *fill*         0x000000000000232c        0x4 
 .text.hidScanInput
                0x0000000000002330      0x49c C:/devkitPro/libnx/lib\libnx.a(hid.o)
                0x0000000000002330                hidScanInput
 *fill*         0x00000000000027cc        0x4 
 .text.hidTouchRead
                0x00000000000027d0       0x4c C:/devkitPro/libnx/lib\libnx.a(hid.o)
                0x00000000000027d0                hidTouchRead
 *fill*         0x000000000000281c        0x4 
 .text.hidSetNpadJoyAssignmentModeDual
                0x0000000000002820      0x10c C:/devkitPro/libnx/lib\libnx.a(hid.o)
                0x0000000000002820                hidSetNpadJoyAssignmentModeDual
 *fill*         0x000000000000292c        0x4 
 .text.hidExit  0x0000000000002930      0x128 C:/devkitPro/libnx/lib\libnx.a(hid.o)
                0x0000000000002930                hidExit
 *fill*         0x0000000000002a58        0x8 
 .text.hidInitialize
                0x0000000000002a60      0x10c C:/devkitPro/libnx/lib\libnx.a(hid.o)
                0x0000000000002a60                hidInitialize
 *fill*         0x0000000000002b6c        0x4 
 .text.ipcCloseObjectById
                0x0000000000002b70       0x34 C:/devkitPro/libnx/lib\libnx.a(apm.o)
 *fill*         0x0000000000002ba4        0xc 
 .text._apmGetSession.constprop.4
                0x0000000000002bb0      0x124 C:/devkitPro/libnx/lib\libnx.a(apm.o)
 *fill*         0x0000000000002cd4        0xc 
 .text.apmExit  0x0000000000002ce0       0xf0 C:/devkitPro/libnx/lib\libnx.a(apm.o)
                0x0000000000002ce0                apmExit
 .text.apmInitialize
                0x0000000000002dd0       0x8c C:/devkitPro/libnx/lib\libnx.a(apm.o)
                0x0000000000002dd0                apmInitialize
 *fill*         0x0000000000002e5c        0x4 
 .text.apmSetPerformanceConfiguration
                0x0000000000002e60       0xcc C:/devkitPro/libnx/lib\libnx.a(apm.o)
                0x0000000000002e60                apmSetPerformanceConfiguration
 *fill*         0x0000000000002f2c        0x4 
 .text.smAddOverrideHandle
                0x0000000000002f30       0x44 C:/devkitPro/libnx/lib\libnx.a(sm.o)
                0x0000000000002f30                smAddOverrideHandle
 *fill*         0x0000000000002f74        0xc 
 .text.smGetServiceOverride
                0x0000000000002f80       0x60 C:/devkitPro/libnx/lib\libnx.a(sm.o)
                0x0000000000002f80                smGetServiceOverride
 .text.smHasInitialized
                0x0000000000002fe0       0x14 C:/devkitPro/libnx/lib\libnx.a(sm.o)
                0x0000000000002fe0                smHasInitialized
 *fill*         0x0000000000002ff4        0xc 
 .text.smExit   0x0000000000003000       0x5c C:/devkitPro/libnx/lib\libnx.a(sm.o)
                0x0000000000003000                smExit
 *fill*         0x000000000000305c        0x4 
 .text.smEncodeName
                0x0000000000003060       0x38 C:/devkitPro/libnx/lib\libnx.a(sm.o)
                0x0000000000003060                smEncodeName
 *fill*         0x0000000000003098        0x8 
 .text.smGetServiceOriginal
                0x00000000000030a0      0x12c C:/devkitPro/libnx/lib\libnx.a(sm.o)
                0x00000000000030a0                smGetServiceOriginal
 *fill*         0x00000000000031cc        0x4 
 .text.smInitialize
                0x00000000000031d0      0x158 C:/devkitPro/libnx/lib\libnx.a(sm.o)
                0x00000000000031d0                smInitialize
 *fill*         0x0000000000003328        0x8 
 .text.smGetService
                0x0000000000003330       0x74 C:/devkitPro/libnx/lib\libnx.a(sm.o)
                0x0000000000003330                smGetService
 *fill*         0x00000000000033a4        0xc 
 .text.fatalWithType
                0x00000000000033b0       0xec C:/devkitPro/libnx/lib\libnx.a(fatal.o)
                0x00000000000033b0                fatalWithType
 *fill*         0x000000000000349c        0x4 
 .text.fatalSimple
                0x00000000000034a0       0x14 C:/devkitPro/libnx/lib\libnx.a(fatal.o)
                0x00000000000034a0                fatalSimple
 *fill*         0x00000000000034b4        0xc 
 .text._gfxCancelBuffer
                0x00000000000034c0       0x4c C:/devkitPro/libnx/lib\libnx.a(gfx.o)
 *fill*         0x000000000000350c        0x4 
 .text._gfxDequeueBuffer.part.0
                0x0000000000003510      0x170 C:/devkitPro/libnx/lib\libnx.a(gfx.o)
 .text.gfxInitDefault
                0x0000000000003680      0x4b4 C:/devkitPro/libnx/lib\libnx.a(gfx.o)
                0x0000000000003680                gfxInitDefault
 *fill*         0x0000000000003b34        0xc 
 .text.gfxConfigureCrop
                0x0000000000003b40       0xe8 C:/devkitPro/libnx/lib\libnx.a(gfx.o)
                0x0000000000003b40                gfxConfigureCrop
 *fill*         0x0000000000003c28        0x8 
 .text.gfxConfigureResolution
                0x0000000000003c30       0x14 C:/devkitPro/libnx/lib\libnx.a(gfx.o)
                0x0000000000003c30                gfxConfigureResolution
 *fill*         0x0000000000003c44        0xc 
 .text._gfxAutoResolutionAppletHook
                0x0000000000003c50       0x60 C:/devkitPro/libnx/lib\libnx.a(gfx.o)
 .text.gfxConfigureAutoResolution
                0x0000000000003cb0      0x11c C:/devkitPro/libnx/lib\libnx.a(gfx.o)
                0x0000000000003cb0                gfxConfigureAutoResolution
 *fill*         0x0000000000003dcc        0x4 
 .text.gfxExit  0x0000000000003dd0      0x174 C:/devkitPro/libnx/lib\libnx.a(gfx.o)
                0x0000000000003dd0                gfxExit
 *fill*         0x0000000000003f44        0xc 
 .text._gfxGraphicBufferInit
                0x0000000000003f50       0x3c C:/devkitPro/libnx/lib\libnx.a(gfx.o)
                0x0000000000003f50                _gfxGraphicBufferInit
 *fill*         0x0000000000003f8c        0x4 
 .text.gfxSwapBuffers
                0x0000000000003f90       0x6c C:/devkitPro/libnx/lib\libnx.a(gfx.o)
                0x0000000000003f90                gfxSwapBuffers
 *fill*         0x0000000000003ffc        0x4 
 .text.gfxGetFramebuffer
                0x0000000000004000       0x68 C:/devkitPro/libnx/lib\libnx.a(gfx.o)
                0x0000000000004000                gfxGetFramebuffer
 *fill*         0x0000000000004068        0x8 
 .text.gfxSetMode
                0x0000000000004070        0xc C:/devkitPro/libnx/lib\libnx.a(gfx.o)
                0x0000000000004070                gfxSetMode
 *fill*         0x000000000000407c        0x4 
 .text.gfxFlushBuffers
                0x0000000000004080      0x12c C:/devkitPro/libnx/lib\libnx.a(gfx.o)
                0x0000000000004080                gfxFlushBuffers
 *fill*         0x00000000000041ac        0x4 
 .text.nvmapobjClose.part.0.constprop.3
                0x00000000000041b0       0x38 C:/devkitPro/libnx/lib\libnx.a(nvgfx.o)
 *fill*         0x00000000000041e8        0x8 
 .text.nvgfxInitialize
                0x00000000000041f0      0x1e8 C:/devkitPro/libnx/lib\libnx.a(nvgfx.o)
                0x00000000000041f0                nvgfxInitialize
 *fill*         0x00000000000043d8        0x8 
 .text.nvgfxExit
                0x00000000000043e0       0x58 C:/devkitPro/libnx/lib\libnx.a(nvgfx.o)
                0x00000000000043e0                nvgfxExit
 *fill*         0x0000000000004438        0x8 
 .text.nvgfxGetFramebuffer
                0x0000000000004440       0x4c C:/devkitPro/libnx/lib\libnx.a(nvgfx.o)
                0x0000000000004440                nvgfxGetFramebuffer
 *fill*         0x000000000000448c        0x4 
 .text.consoleDrawChar
                0x0000000000004490      0x250 C:/devkitPro/libnx/lib\libnx.a(console.o)
                0x0000000000004490                consoleDrawChar
 .text.consolePrintChar
                0x00000000000046e0      0x15c C:/devkitPro/libnx/lib\libnx.a(console.o)
                0x00000000000046e0                consolePrintChar
 *fill*         0x000000000000483c        0x4 
 .text.consoleClearLine
                0x0000000000004840      0x158 C:/devkitPro/libnx/lib\libnx.a(console.o)
 *fill*         0x0000000000004998        0x8 
 .text.newRow   0x00000000000049a0      0x180 C:/devkitPro/libnx/lib\libnx.a(console.o)
 .text.consoleCls
                0x0000000000004b20      0x16c C:/devkitPro/libnx/lib\libnx.a(console.o)
 *fill*         0x0000000000004c8c        0x4 
 .text.consoleInit
                0x0000000000004c90       0xec C:/devkitPro/libnx/lib\libnx.a(console.o)
                0x0000000000004c90                consoleInit
 *fill*         0x0000000000004d7c        0x4 
 .text.con_write
                0x0000000000004d80      0x854 C:/devkitPro/libnx/lib\libnx.a(console.o)
 *fill*         0x00000000000055d4        0xc 
 .text.consoleClear
                0x00000000000055e0        0xc C:/devkitPro/libnx/lib\libnx.a(console.o)
                0x00000000000055e0                consoleClear
 .text.armDCacheFlush
                0x00000000000055ec       0x3c C:/devkitPro/libnx/lib\libnx.a(cache.o)
                0x00000000000055ec                armDCacheFlush
 .text.svcSetHeapSize
                0x0000000000005628       0x14 C:/devkitPro/libnx/lib\libnx.a(svc.o)
                0x0000000000005628                svcSetHeapSize
 .text.svcUnmapMemory
                0x000000000000563c        0x8 C:/devkitPro/libnx/lib\libnx.a(svc.o)
                0x000000000000563c                svcUnmapMemory
 .text.svcQueryMemory
                0x0000000000005644       0x14 C:/devkitPro/libnx/lib\libnx.a(svc.o)
                0x0000000000005644                svcQueryMemory
 .text.svcExitProcess
                0x0000000000005658        0x8 C:/devkitPro/libnx/lib\libnx.a(svc.o)
                0x0000000000005658                svcExitProcess
 .text.svcSleepThread
                0x0000000000005660        0x8 C:/devkitPro/libnx/lib\libnx.a(svc.o)
                0x0000000000005660                svcSleepThread
 .text.svcMapSharedMemory
                0x0000000000005668        0x8 C:/devkitPro/libnx/lib\libnx.a(svc.o)
                0x0000000000005668                svcMapSharedMemory
 .text.svcUnmapSharedMemory
                0x0000000000005670        0x8 C:/devkitPro/libnx/lib\libnx.a(svc.o)
                0x0000000000005670                svcUnmapSharedMemory
 .text.svcCreateTransferMemory
                0x0000000000005678       0x14 C:/devkitPro/libnx/lib\libnx.a(svc.o)
                0x0000000000005678                svcCreateTransferMemory
 .text.svcCloseHandle
                0x000000000000568c        0x8 C:/devkitPro/libnx/lib\libnx.a(svc.o)
                0x000000000000568c                svcCloseHandle
 .text.svcResetSignal
                0x0000000000005694        0x8 C:/devkitPro/libnx/lib\libnx.a(svc.o)
                0x0000000000005694                svcResetSignal
 .text.svcWaitSynchronization
                0x000000000000569c       0x14 C:/devkitPro/libnx/lib\libnx.a(svc.o)
                0x000000000000569c                svcWaitSynchronization
 .text.svcArbitrateLock
                0x00000000000056b0        0x8 C:/devkitPro/libnx/lib\libnx.a(svc.o)
                0x00000000000056b0                svcArbitrateLock
 .text.svcArbitrateUnlock
                0x00000000000056b8        0x8 C:/devkitPro/libnx/lib\libnx.a(svc.o)
                0x00000000000056b8                svcArbitrateUnlock
 .text.svcConnectToNamedPort
                0x00000000000056c0       0x14 C:/devkitPro/libnx/lib\libnx.a(svc.o)
                0x00000000000056c0                svcConnectToNamedPort
 .text.svcSendSyncRequest
                0x00000000000056d4        0x8 C:/devkitPro/libnx/lib\libnx.a(svc.o)
                0x00000000000056d4                svcSendSyncRequest
 .text.svcBreak
                0x00000000000056dc        0x8 C:/devkitPro/libnx/lib\libnx.a(svc.o)
                0x00000000000056dc                svcBreak
 .text.svcGetInfo
                0x00000000000056e4       0x14 C:/devkitPro/libnx/lib\libnx.a(svc.o)
                0x00000000000056e4                svcGetInfo
 .text.svcUnmapTransferMemory
                0x00000000000056f8        0x8 C:/devkitPro/libnx/lib\libnx.a(svc.o)
                0x00000000000056f8                svcUnmapTransferMemory
 .text._CacheValues
                0x0000000000005700      0x180 C:/devkitPro/libnx/lib\libnx.a(detect.o)
 .text.kernelAbove200
                0x0000000000005880       0x1c C:/devkitPro/libnx/lib\libnx.a(detect.o)
                0x0000000000005880                kernelAbove200
 *fill*         0x000000000000589c        0x4 
 .text.kernelAbove300
                0x00000000000058a0       0x1c C:/devkitPro/libnx/lib\libnx.a(detect.o)
                0x00000000000058a0                kernelAbove300
 *fill*         0x00000000000058bc        0x4 
 .text.detectDebugger
                0x00000000000058c0       0x30 C:/devkitPro/libnx/lib\libnx.a(detect.o)
                0x00000000000058c0                detectDebugger
 .text.shmemLoadRemote
                0x00000000000058f0       0x14 C:/devkitPro/libnx/lib\libnx.a(shmem.o)
                0x00000000000058f0                shmemLoadRemote
 *fill*         0x0000000000005904        0xc 
 .text.shmemMap
                0x0000000000005910       0x84 C:/devkitPro/libnx/lib\libnx.a(shmem.o)
                0x0000000000005910                shmemMap
 *fill*         0x0000000000005994        0xc 
 .text.shmemUnmap
                0x00000000000059a0       0x58 C:/devkitPro/libnx/lib\libnx.a(shmem.o)
                0x00000000000059a0                shmemUnmap
 *fill*         0x00000000000059f8        0x8 
 .text.shmemClose
                0x0000000000005a00       0x44 C:/devkitPro/libnx/lib\libnx.a(shmem.o)
                0x0000000000005a00                shmemClose
 *fill*         0x0000000000005a44        0xc 
 .text.rwlockReadLock
                0x0000000000005a50       0x4c C:/devkitPro/libnx/lib\libnx.a(rwlock.o)
                0x0000000000005a50                rwlockReadLock
 *fill*         0x0000000000005a9c        0x4 
 .text.rwlockReadUnlock
                0x0000000000005aa0       0x4c C:/devkitPro/libnx/lib\libnx.a(rwlock.o)
                0x0000000000005aa0                rwlockReadUnlock
 *fill*         0x0000000000005aec        0x4 
 .text.rwlockWriteLock
                0x0000000000005af0        0x8 C:/devkitPro/libnx/lib\libnx.a(rwlock.o)
                0x0000000000005af0                rwlockWriteLock
 *fill*         0x0000000000005af8        0x8 
 .text.rwlockWriteUnlock
                0x0000000000005b00        0x8 C:/devkitPro/libnx/lib\libnx.a(rwlock.o)
                0x0000000000005b00                rwlockWriteUnlock
 *fill*         0x0000000000005b08        0x8 
 .text.mutexLock
                0x0000000000005b10       0x8c C:/devkitPro/libnx/lib\libnx.a(mutex.o)
                0x0000000000005b10                mutexLock
 *fill*         0x0000000000005b9c        0x4 
 .text.mutexUnlock
                0x0000000000005ba0       0x30 C:/devkitPro/libnx/lib\libnx.a(mutex.o)
                0x0000000000005ba0                mutexUnlock
 .text.rmutexLock
                0x0000000000005bd0       0x4c C:/devkitPro/libnx/lib\libnx.a(mutex.o)
                0x0000000000005bd0                rmutexLock
 *fill*         0x0000000000005c1c        0x4 
 .text.rmutexUnlock
                0x0000000000005c20       0x1c C:/devkitPro/libnx/lib\libnx.a(mutex.o)
                0x0000000000005c20                rmutexUnlock
 *fill*         0x0000000000005c3c        0x4 
 .text._GetRegionFromInfo.isra.1
                0x0000000000005c40       0x7c C:/devkitPro/libnx/lib\libnx.a(virtmem.o)
 *fill*         0x0000000000005cbc        0x4 
 .text.virtmemSetup
                0x0000000000005cc0       0xe4 C:/devkitPro/libnx/lib\libnx.a(virtmem.o)
                0x0000000000005cc0                virtmemSetup
 *fill*         0x0000000000005da4        0xc 
 .text.virtmemReserve
                0x0000000000005db0      0x13c C:/devkitPro/libnx/lib\libnx.a(virtmem.o)
                0x0000000000005db0                virtmemReserve
 *fill*         0x0000000000005eec        0x4 
 .text.virtmemFree
                0x0000000000005ef0        0x4 C:/devkitPro/libnx/lib\libnx.a(virtmem.o)
                0x0000000000005ef0                virtmemFree
 *fill*         0x0000000000005ef4        0xc 
 .text.eventLoadRemote
                0x0000000000005f00        0xc C:/devkitPro/libnx/lib\libnx.a(event.o)
                0x0000000000005f00                eventLoadRemote
 *fill*         0x0000000000005f0c        0x4 
 .text.eventWait
                0x0000000000005f10      0x11c C:/devkitPro/libnx/lib\libnx.a(event.o)
                0x0000000000005f10                eventWait
 *fill*         0x000000000000602c        0x4 
 .text.eventClose
                0x0000000000006030       0x50 C:/devkitPro/libnx/lib\libnx.a(event.o)
                0x0000000000006030                eventClose
 .text.ipcCloseObjectById
                0x0000000000006080       0x34 C:/devkitPro/libnx/lib\libnx.a(nv.o)
 *fill*         0x00000000000060b4        0xc 
 .text.ipcQueryPointerBufferSize.constprop.10
                0x00000000000060c0       0xc8 C:/devkitPro/libnx/lib\libnx.a(nv.o)
 *fill*         0x0000000000006188        0x8 
 .text.ipcCloneSession.constprop.9
                0x0000000000006190      0x10c C:/devkitPro/libnx/lib\libnx.a(nv.o)
 *fill*         0x000000000000629c        0x4 
 .text._nvSetClientPID
                0x00000000000062a0       0xd8 C:/devkitPro/libnx/lib\libnx.a(nv.o)
 *fill*         0x0000000000006378        0x8 
 .text._nvInitialize.constprop.8
                0x0000000000006380       0xf0 C:/devkitPro/libnx/lib\libnx.a(nv.o)
 .text.nvExit   0x0000000000006470      0x108 C:/devkitPro/libnx/lib\libnx.a(nv.o)
                0x0000000000006470                nvExit
 *fill*         0x0000000000006578        0x8 
 .text.nvInitialize
                0x0000000000006580      0x178 C:/devkitPro/libnx/lib\libnx.a(nv.o)
                0x0000000000006580                nvInitialize
 *fill*         0x00000000000066f8        0x8 
 .text.nvConvertError
                0x0000000000006700      0x12c C:/devkitPro/libnx/lib\libnx.a(nv.o)
                0x0000000000006700                nvConvertError
 *fill*         0x000000000000682c        0x4 
 .text.nvOpen   0x0000000000006830      0x12c C:/devkitPro/libnx/lib\libnx.a(nv.o)
                0x0000000000006830                nvOpen
 *fill*         0x000000000000695c        0x4 
 .text.nvIoctl  0x0000000000006960      0x270 C:/devkitPro/libnx/lib\libnx.a(nv.o)
                0x0000000000006960                nvIoctl
 .text.nvClose  0x0000000000006bd0       0xdc C:/devkitPro/libnx/lib\libnx.a(nv.o)
                0x0000000000006bd0                nvClose
 *fill*         0x0000000000006cac        0x4 
 .text.nvQueryEvent
                0x0000000000006cb0      0x15c C:/devkitPro/libnx/lib\libnx.a(nv.o)
                0x0000000000006cb0                nvQueryEvent
 *fill*         0x0000000000006e0c        0x4 
 .text.ipcCloseObjectById
                0x0000000000006e10       0x34 C:/devkitPro/libnx/lib\libnx.a(vi.o)
 *fill*         0x0000000000006e44        0xc 
 .text._viGetSession.constprop.7
                0x0000000000006e50      0x134 C:/devkitPro/libnx/lib\libnx.a(vi.o)
 *fill*         0x0000000000006f84        0xc 
 .text.viExit   0x0000000000006f90      0x1e4 C:/devkitPro/libnx/lib\libnx.a(vi.o)
                0x0000000000006f90                viExit
 *fill*         0x0000000000007174        0xc 
 .text.viInitialize
                0x0000000000007180      0x304 C:/devkitPro/libnx/lib\libnx.a(vi.o)
                0x0000000000007180                viInitialize
 *fill*         0x0000000000007484        0xc 
 .text.viGetSession_IHOSBinderDriverRelay
                0x0000000000007490        0xc C:/devkitPro/libnx/lib\libnx.a(vi.o)
                0x0000000000007490                viGetSession_IHOSBinderDriverRelay
 *fill*         0x000000000000749c        0x4 
 .text.viOpenDisplay
                0x00000000000074a0      0x140 C:/devkitPro/libnx/lib\libnx.a(vi.o)
                0x00000000000074a0                viOpenDisplay
 .text.viCloseDisplay
                0x00000000000075e0      0x104 C:/devkitPro/libnx/lib\libnx.a(vi.o)
                0x00000000000075e0                viCloseDisplay
 *fill*         0x00000000000076e4        0xc 
 .text.viGetDisplayVsyncEvent
                0x00000000000076f0      0x13c C:/devkitPro/libnx/lib\libnx.a(vi.o)
                0x00000000000076f0                viGetDisplayVsyncEvent
 *fill*         0x000000000000782c        0x4 
 .text.viCloseLayer
                0x0000000000007830      0x104 C:/devkitPro/libnx/lib\libnx.a(vi.o)
                0x0000000000007830                viCloseLayer
 *fill*         0x0000000000007934        0xc 
 .text.viCreateLayer
                0x0000000000007940      0x320 C:/devkitPro/libnx/lib\libnx.a(vi.o)
                0x0000000000007940                viCreateLayer
 .text.viSetLayerScalingMode
                0x0000000000007c60       0xe8 C:/devkitPro/libnx/lib\libnx.a(vi.o)
                0x0000000000007c60                viSetLayerScalingMode
 *fill*         0x0000000000007d48        0x8 
 .text.nvFenceInit
                0x0000000000007d50       0x5c C:/devkitPro/libnx/lib\libnx.a(fence.o)
                0x0000000000007d50                nvFenceInit
 *fill*         0x0000000000007dac        0x4 
 .text.nvFenceExit
                0x0000000000007db0       0x98 C:/devkitPro/libnx/lib\libnx.a(fence.o)
                0x0000000000007db0                nvFenceExit
 *fill*         0x0000000000007e48        0x8 
 .text.nvFenceWait
                0x0000000000007e50      0x194 C:/devkitPro/libnx/lib\libnx.a(fence.o)
                0x0000000000007e50                nvFenceWait
 *fill*         0x0000000000007fe4        0xc 
 .text.nvMultiFenceWait
                0x0000000000007ff0       0x7c C:/devkitPro/libnx/lib\libnx.a(fence.o)
                0x0000000000007ff0                nvMultiFenceWait
 *fill*         0x000000000000806c        0x4 
 .text.nvioctlNvhostCtrl_EventSignal
                0x0000000000008070       0x24 C:/devkitPro/libnx/lib\libnx.a(nvhost-ctrl.o)
                0x0000000000008070                nvioctlNvhostCtrl_EventSignal
 *fill*         0x0000000000008094        0xc 
 .text.nvioctlNvhostCtrl_EventWaitAsync
                0x00000000000080a0       0x28 C:/devkitPro/libnx/lib\libnx.a(nvhost-ctrl.o)
                0x00000000000080a0                nvioctlNvhostCtrl_EventWaitAsync
 *fill*         0x00000000000080c8        0x8 
 .text.nvioctlNvhostCtrl_EventRegister
                0x00000000000080d0       0x24 C:/devkitPro/libnx/lib\libnx.a(nvhost-ctrl.o)
                0x00000000000080d0                nvioctlNvhostCtrl_EventRegister
 *fill*         0x00000000000080f4        0xc 
 .text.nvioctlNvhostCtrl_EventUnregister
                0x0000000000008100       0x24 C:/devkitPro/libnx/lib\libnx.a(nvhost-ctrl.o)
                0x0000000000008100                nvioctlNvhostCtrl_EventUnregister
 *fill*         0x0000000000008124        0xc 
 .text.nvioctlNvmap_Create
                0x0000000000008130       0x3c C:/devkitPro/libnx/lib\libnx.a(nvmap.o)
                0x0000000000008130                nvioctlNvmap_Create
 *fill*         0x000000000000816c        0x4 
 .text.nvioctlNvmap_Alloc
                0x0000000000008170       0x30 C:/devkitPro/libnx/lib\libnx.a(nvmap.o)
                0x0000000000008170                nvioctlNvmap_Alloc
 .text.nvioctlNvmap_GetId
                0x00000000000081a0       0x3c C:/devkitPro/libnx/lib\libnx.a(nvmap.o)
                0x00000000000081a0                nvioctlNvmap_GetId
 *fill*         0x00000000000081dc        0x4 
 .text.bqRequestBuffer
                0x00000000000081e0       0xf0 C:/devkitPro/libnx/lib\libnx.a(buffer_producer.o)
                0x00000000000081e0                bqRequestBuffer
 .text.bqDequeueBuffer
                0x00000000000082d0      0x154 C:/devkitPro/libnx/lib\libnx.a(buffer_producer.o)
                0x00000000000082d0                bqDequeueBuffer
 *fill*         0x0000000000008424        0xc 
 .text.bqDetachBuffer
                0x0000000000008430       0x9c C:/devkitPro/libnx/lib\libnx.a(buffer_producer.o)
                0x0000000000008430                bqDetachBuffer
 *fill*         0x00000000000084cc        0x4 
 .text.bqQueueBuffer
                0x00000000000084d0       0xe0 C:/devkitPro/libnx/lib\libnx.a(buffer_producer.o)
                0x00000000000084d0                bqQueueBuffer
 .text.bqCancelBuffer
                0x00000000000085b0       0x90 C:/devkitPro/libnx/lib\libnx.a(buffer_producer.o)
                0x00000000000085b0                bqCancelBuffer
 .text.bqConnect
                0x0000000000008640       0xe4 C:/devkitPro/libnx/lib\libnx.a(buffer_producer.o)
                0x0000000000008640                bqConnect
 *fill*         0x0000000000008724        0xc 
 .text.bqDisconnect
                0x0000000000008730       0x9c C:/devkitPro/libnx/lib\libnx.a(buffer_producer.o)
                0x0000000000008730                bqDisconnect
 *fill*         0x00000000000087cc        0x4 
 .text.bqSetPreallocatedBuffer
                0x00000000000087d0       0xb4 C:/devkitPro/libnx/lib\libnx.a(buffer_producer.o)
                0x00000000000087d0                bqSetPreallocatedBuffer
 *fill*         0x0000000000008884        0xc 
 .text._binderTransactParcelAuto
                0x0000000000008890      0x248 C:/devkitPro/libnx/lib\libnx.a(binder.o)
 *fill*         0x0000000000008ad8        0x8 
 .text.ipcQueryPointerBufferSize
                0x0000000000008ae0       0xc8 C:/devkitPro/libnx/lib\libnx.a(binder.o)
 *fill*         0x0000000000008ba8        0x8 
 .text._binderTransactParcel
                0x0000000000008bb0      0x138 C:/devkitPro/libnx/lib\libnx.a(binder.o)
 *fill*         0x0000000000008ce8        0x8 
 .text.binderCreate
                0x0000000000008cf0       0x14 C:/devkitPro/libnx/lib\libnx.a(binder.o)
                0x0000000000008cf0                binderCreate
 *fill*         0x0000000000008d04        0xc 
 .text.binderTransactParcel
                0x0000000000008d10       0x10 C:/devkitPro/libnx/lib\libnx.a(binder.o)
                0x0000000000008d10                binderTransactParcel
 .text.binderConvertErrorCode
                0x0000000000008d20      0x124 C:/devkitPro/libnx/lib\libnx.a(binder.o)
                0x0000000000008d20                binderConvertErrorCode
 *fill*         0x0000000000008e44        0xc 
 .text.binderAdjustRefcount
                0x0000000000008e50       0xe8 C:/devkitPro/libnx/lib\libnx.a(binder.o)
                0x0000000000008e50                binderAdjustRefcount
 *fill*         0x0000000000008f38        0x8 
 .text.binderClose
                0x0000000000008f40       0x74 C:/devkitPro/libnx/lib\libnx.a(binder.o)
                0x0000000000008f40                binderClose
 *fill*         0x0000000000008fb4        0xc 
 .text.binderInitSession
                0x0000000000008fc0       0xc4 C:/devkitPro/libnx/lib\libnx.a(binder.o)
                0x0000000000008fc0                binderInitSession
 *fill*         0x0000000000009084        0xc 
 .text.binderGetNativeHandle
                0x0000000000009090      0x144 C:/devkitPro/libnx/lib\libnx.a(binder.o)
                0x0000000000009090                binderGetNativeHandle
 *fill*         0x00000000000091d4        0xc 
 .text.parcelCreate
                0x00000000000091e0       0x28 C:/devkitPro/libnx/lib\libnx.a(parcel.o)
                0x00000000000091e0                parcelCreate
 *fill*         0x0000000000009208        0x8 
 .text.parcelTransact
                0x0000000000009210      0x19c C:/devkitPro/libnx/lib\libnx.a(parcel.o)
                0x0000000000009210                parcelTransact
 *fill*         0x00000000000093ac        0x4 
 .text.parcelWriteData
                0x00000000000093b0       0x88 C:/devkitPro/libnx/lib\libnx.a(parcel.o)
                0x00000000000093b0                parcelWriteData
 *fill*         0x0000000000009438        0x8 
 .text.parcelReadData
                0x0000000000009440       0x98 C:/devkitPro/libnx/lib\libnx.a(parcel.o)
                0x0000000000009440                parcelReadData
 *fill*         0x00000000000094d8        0x8 
 .text.parcelWriteInt32
                0x00000000000094e0       0x20 C:/devkitPro/libnx/lib\libnx.a(parcel.o)
                0x00000000000094e0                parcelWriteInt32
 .text.parcelWriteUInt32
                0x0000000000009500       0x20 C:/devkitPro/libnx/lib\libnx.a(parcel.o)
                0x0000000000009500                parcelWriteUInt32
 .text.parcelWriteString16
                0x0000000000009520       0x80 C:/devkitPro/libnx/lib\libnx.a(parcel.o)
                0x0000000000009520                parcelWriteString16
 .text.parcelWriteInterfaceToken
                0x00000000000095a0       0x30 C:/devkitPro/libnx/lib\libnx.a(parcel.o)
                0x00000000000095a0                parcelWriteInterfaceToken
 .text.parcelReadInt32
                0x00000000000095d0       0x24 C:/devkitPro/libnx/lib\libnx.a(parcel.o)
                0x00000000000095d0                parcelReadInt32
 *fill*         0x00000000000095f4        0xc 
 .text.parcelReadFlattenedObject
                0x0000000000009600       0x68 C:/devkitPro/libnx/lib\libnx.a(parcel.o)
                0x0000000000009600                parcelReadFlattenedObject
 *fill*         0x0000000000009668        0x8 
 .text.parcelWriteFlattenedObject
                0x0000000000009670       0x44 C:/devkitPro/libnx/lib\libnx.a(parcel.o)
                0x0000000000009670                parcelWriteFlattenedObject
 *fill*         0x00000000000096b4        0xc 
 .text.__nx_dynamic
                0x00000000000096c0       0xa0 C:/devkitPro/libnx/lib\libnx.a(dynamic.o)
                0x00000000000096c0                __nx_dynamic
 .text.__libnx_initheap
                0x0000000000009760       0xd8 C:/devkitPro/libnx/lib\libnx.a(init.o)
                0x0000000000009760                __libnx_initheap
 *fill*         0x0000000000009838        0x8 
 .text.__appInit
                0x0000000000009840       0x90 C:/devkitPro/libnx/lib\libnx.a(init.o)
                0x0000000000009840                __appInit
 .text.__appExit
                0x00000000000098d0       0x34 C:/devkitPro/libnx/lib\libnx.a(init.o)
                0x00000000000098d0                __appExit
 *fill*         0x0000000000009904        0xc 
 .text.__libnx_init
                0x0000000000009910       0x28 C:/devkitPro/libnx/lib\libnx.a(init.o)
                0x0000000000009910                __libnx_init
 *fill*         0x0000000000009938        0x8 
 .text.__libnx_exit
                0x0000000000009940       0x20 C:/devkitPro/libnx/lib\libnx.a(init.o)
                0x0000000000009940                __libnx_exit
 .text.envSetup
                0x0000000000009960      0x1b0 C:/devkitPro/libnx/lib\libnx.a(env.o)
                0x0000000000009960                envSetup
 .text.envGetMainThreadHandle
                0x0000000000009b10       0x20 C:/devkitPro/libnx/lib\libnx.a(env.o)
                0x0000000000009b10                envGetMainThreadHandle
 .text.envIsNso
                0x0000000000009b30        0xc C:/devkitPro/libnx/lib\libnx.a(env.o)
                0x0000000000009b30                envIsNso
 *fill*         0x0000000000009b3c        0x4 
 .text.envHasHeapOverride
                0x0000000000009b40       0x14 C:/devkitPro/libnx/lib\libnx.a(env.o)
                0x0000000000009b40                envHasHeapOverride
 *fill*         0x0000000000009b54        0xc 
 .text.envGetHeapOverrideAddr
                0x0000000000009b60        0xc C:/devkitPro/libnx/lib\libnx.a(env.o)
                0x0000000000009b60                envGetHeapOverrideAddr
 *fill*         0x0000000000009b6c        0x4 
 .text.envGetHeapOverrideSize
                0x0000000000009b70        0xc C:/devkitPro/libnx/lib\libnx.a(env.o)
                0x0000000000009b70                envGetHeapOverrideSize
 *fill*         0x0000000000009b7c        0x4 
 .text.envHasArgv
                0x0000000000009b80       0x14 C:/devkitPro/libnx/lib\libnx.a(env.o)
                0x0000000000009b80                envHasArgv
 *fill*         0x0000000000009b94        0xc 
 .text.envGetArgv
                0x0000000000009ba0        0xc C:/devkitPro/libnx/lib\libnx.a(env.o)
                0x0000000000009ba0                envGetArgv
 *fill*         0x0000000000009bac        0x4 
 .text.envGetExitFuncPtr
                0x0000000000009bb0        0xc C:/devkitPro/libnx/lib\libnx.a(env.o)
                0x0000000000009bb0                envGetExitFuncPtr
 *fill*         0x0000000000009bbc        0x4 
 .text.mutexInit
                0x0000000000009bc0        0x8 C:/devkitPro/libnx/lib\libnx.a(newlib.o)
 *fill*         0x0000000000009bc8        0x8 
 .text.rmutexInit
                0x0000000000009bd0        0xc C:/devkitPro/libnx/lib\libnx.a(newlib.o)
 *fill*         0x0000000000009bdc        0x4 
 .text.__libnx_gtod
                0x0000000000009be0       0x8c C:/devkitPro/libnx/lib\libnx.a(newlib.o)
                0x0000000000009be0                __libnx_gtod
 *fill*         0x0000000000009c6c        0x4 
 .text.__libnx_clock_settime
                0x0000000000009c70       0x20 C:/devkitPro/libnx/lib\libnx.a(newlib.o)
                0x0000000000009c70                __libnx_clock_settime
 .text.__libnx_nanosleep
                0x0000000000009c90       0x28 C:/devkitPro/libnx/lib\libnx.a(newlib.o)
                0x0000000000009c90                __libnx_nanosleep
 *fill*         0x0000000000009cb8        0x8 
 .text.__libnx_get_reent
                0x0000000000009cc0       0x34 C:/devkitPro/libnx/lib\libnx.a(newlib.o)
 *fill*         0x0000000000009cf4        0xc 
 .text.__libnx_clock_gettime
                0x0000000000009d00       0xd0 C:/devkitPro/libnx/lib\libnx.a(newlib.o)
                0x0000000000009d00                __libnx_clock_gettime
 .text.__libnx_clock_getres
                0x0000000000009dd0       0x58 C:/devkitPro/libnx/lib\libnx.a(newlib.o)
                0x0000000000009dd0                __libnx_clock_getres
 *fill*         0x0000000000009e28        0x8 
 .text.__libnx_init_time
                0x0000000000009e30       0x54 C:/devkitPro/libnx/lib\libnx.a(newlib.o)
                0x0000000000009e30                __libnx_init_time
 *fill*         0x0000000000009e84        0xc 
 .text.newlibSetup
                0x0000000000009e90      0x118 C:/devkitPro/libnx/lib\libnx.a(newlib.o)
                0x0000000000009e90                newlibSetup
 *fill*         0x0000000000009fa8        0x8 
 .text.argvSetup
                0x0000000000009fb0      0x368 C:/devkitPro/libnx/lib\libnx.a(argv.o)
                0x0000000000009fb0                argvSetup
 *fill*         0x000000000000a318        0x8 
 .text.fsdev_link
                0x000000000000a320       0x10 C:/devkitPro/libnx/lib\libnx.a(fs_dev.o)
 .text.fsdev_dirreset
                0x000000000000a330       0x10 C:/devkitPro/libnx/lib\libnx.a(fs_dev.o)
 .text.fsdev_chmod
                0x000000000000a340       0x10 C:/devkitPro/libnx/lib\libnx.a(fs_dev.o)
 .text.error_cmp
                0x000000000000a350       0x1c C:/devkitPro/libnx/lib\libnx.a(fs_dev.o)
 *fill*         0x000000000000a36c        0x4 
 .text.fsdev_translate_error
                0x000000000000a370       0x58 C:/devkitPro/libnx/lib\libnx.a(fs_dev.o)
 *fill*         0x000000000000a3c8        0x8 
 .text.fsdev_fsync
                0x000000000000a3d0       0x40 C:/devkitPro/libnx/lib\libnx.a(fs_dev.o)
 .text.fsdev_ftruncate
                0x000000000000a410       0x60 C:/devkitPro/libnx/lib\libnx.a(fs_dev.o)
 .text.fsdev_dirclose
                0x000000000000a470       0x20 C:/devkitPro/libnx/lib\libnx.a(fs_dev.o)
 .text.fsdev_dirnext
                0x000000000000a490      0x16c C:/devkitPro/libnx/lib\libnx.a(fs_dev.o)
 *fill*         0x000000000000a5fc        0x4 
 .text.fsdev_close
                0x000000000000a600       0x1c C:/devkitPro/libnx/lib\libnx.a(fs_dev.o)
 *fill*         0x000000000000a61c        0x4 
 .text.fsdev_fstat
                0x000000000000a620       0x80 C:/devkitPro/libnx/lib\libnx.a(fs_dev.o)
 .text.fsdev_seek
                0x000000000000a6a0       0xb0 C:/devkitPro/libnx/lib\libnx.a(fs_dev.o)
 .text.fsdev_read
                0x000000000000a750      0x198 C:/devkitPro/libnx/lib\libnx.a(fs_dev.o)
 *fill*         0x000000000000a8e8        0x8 
 .text.fsdev_write
                0x000000000000a8f0      0x1a0 C:/devkitPro/libnx/lib\libnx.a(fs_dev.o)
 .text.fsdevFindDevice
                0x000000000000aa90      0x120 C:/devkitPro/libnx/lib\libnx.a(fs_dev.o)
 .text._fsdevMountDevice
                0x000000000000abb0      0x168 C:/devkitPro/libnx/lib\libnx.a(fs_dev.o)
 *fill*         0x000000000000ad18        0x8 
 .text.fsdev_getfspath
                0x000000000000ad20      0x1fc C:/devkitPro/libnx/lib\libnx.a(fs_dev.o)
 *fill*         0x000000000000af1c        0x4 
 .text.fsdev_rmdir
                0x000000000000af20       0x70 C:/devkitPro/libnx/lib\libnx.a(fs_dev.o)
 .text.fsdev_statvfs
                0x000000000000af90       0xd4 C:/devkitPro/libnx/lib\libnx.a(fs_dev.o)
 *fill*         0x000000000000b064        0xc 
 .text.fsdev_diropen
                0x000000000000b070       0xec C:/devkitPro/libnx/lib\libnx.a(fs_dev.o)
 *fill*         0x000000000000b15c        0x4 
 .text.fsdev_mkdir
                0x000000000000b160       0x70 C:/devkitPro/libnx/lib\libnx.a(fs_dev.o)
 .text.fsdev_rename
                0x000000000000b1d0      0x114 C:/devkitPro/libnx/lib\libnx.a(fs_dev.o)
 *fill*         0x000000000000b2e4        0xc 
 .text.fsdev_chdir
                0x000000000000b2f0       0xe8 C:/devkitPro/libnx/lib\libnx.a(fs_dev.o)
 *fill*         0x000000000000b3d8        0x8 
 .text.fsdev_unlink
                0x000000000000b3e0       0x70 C:/devkitPro/libnx/lib\libnx.a(fs_dev.o)
 .text.fsdev_stat
                0x000000000000b450      0x168 C:/devkitPro/libnx/lib\libnx.a(fs_dev.o)
 *fill*         0x000000000000b5b8        0x8 
 .text.fsdev_open
                0x000000000000b5c0      0x180 C:/devkitPro/libnx/lib\libnx.a(fs_dev.o)
 .text._fsdevUnmountDeviceStruct.part.4
                0x000000000000b740       0xb8 C:/devkitPro/libnx/lib\libnx.a(fs_dev.o)
 *fill*         0x000000000000b7f8        0x8 
 .text.fsdev_fchmod
                0x000000000000b800       0x10 C:/devkitPro/libnx/lib\libnx.a(fs_dev.o)
 .text.fsdevMountSdmc
                0x000000000000b810      0x158 C:/devkitPro/libnx/lib\libnx.a(fs_dev.o)
                0x000000000000b810                fsdevMountSdmc
 *fill*         0x000000000000b968        0x8 
 .text.fsdevUnmountAll
                0x000000000000b970       0x64 C:/devkitPro/libnx/lib\libnx.a(fs_dev.o)
                0x000000000000b970                fsdevUnmountAll
 *fill*         0x000000000000b9d4        0xc 
 .text.decode_utf8
                0x000000000000b9e0      0x12c C:/devkitPro/libnx/lib\libnx.a(decode_utf8.o)
                0x000000000000b9e0                decode_utf8
 .text.__aarch64_read_tp
                0x000000000000bb0c        0xc C:/devkitPro/libnx/lib\libnx.a(readtp.o)
                0x000000000000bb0c                __aarch64_read_tp
 *fill*         0x000000000000bb18        0x8 
 .text.tmemCreate
                0x000000000000bb20       0xa8 C:/devkitPro/libnx/lib\libnx.a(tmem.o)
                0x000000000000bb20                tmemCreate
 *fill*         0x000000000000bbc8        0x8 
 .text.tmemUnmap
                0x000000000000bbd0       0x58 C:/devkitPro/libnx/lib\libnx.a(tmem.o)
                0x000000000000bbd0                tmemUnmap
 *fill*         0x000000000000bc28        0x8 
 .text.tmemClose
                0x000000000000bc30       0x68 C:/devkitPro/libnx/lib\libnx.a(tmem.o)
                0x000000000000bc30                tmemClose
 *fill*         0x000000000000bc98        0x8 
 .text.ipcCloseObjectById
                0x000000000000bca0       0x34 C:/devkitPro/libnx/lib\libnx.a(time.o)
 *fill*         0x000000000000bcd4        0xc 
 .text._timeGetSession
                0x000000000000bce0      0x12c C:/devkitPro/libnx/lib\libnx.a(time.o)
 *fill*         0x000000000000be0c        0x4 
 .text.timeExit
                0x000000000000be10      0x1ec C:/devkitPro/libnx/lib\libnx.a(time.o)
                0x000000000000be10                timeExit
 *fill*         0x000000000000bffc        0x4 
 .text.timeInitialize
                0x000000000000c000       0xd8 C:/devkitPro/libnx/lib\libnx.a(time.o)
                0x000000000000c000                timeInitialize
 *fill*         0x000000000000c0d8        0x8 
 .text.timeGetCurrentTime
                0x000000000000c0e0      0x124 C:/devkitPro/libnx/lib\libnx.a(time.o)
                0x000000000000c0e0                timeGetCurrentTime
 *fill*         0x000000000000c204        0xc 
 .text.ipcCloseObjectById
                0x000000000000c210       0x34 C:/devkitPro/libnx/lib\libnx.a(fs.o)
 *fill*         0x000000000000c244        0xc 
 .text.fsInitialize
                0x000000000000c250      0x124 C:/devkitPro/libnx/lib\libnx.a(fs.o)
                0x000000000000c250                fsInitialize
 *fill*         0x000000000000c374        0xc 
 .text.fsExit   0x000000000000c380       0x9c C:/devkitPro/libnx/lib\libnx.a(fs.o)
                0x000000000000c380                fsExit
 *fill*         0x000000000000c41c        0x4 
 .text.fsMountSdcard
                0x000000000000c420      0x134 C:/devkitPro/libnx/lib\libnx.a(fs.o)
                0x000000000000c420                fsMountSdcard
 *fill*         0x000000000000c554        0xc 
 .text.fsFsCreateFile
                0x000000000000c560       0xf4 C:/devkitPro/libnx/lib\libnx.a(fs.o)
                0x000000000000c560                fsFsCreateFile
 *fill*         0x000000000000c654        0xc 
 .text.fsFsDeleteFile
                0x000000000000c660       0xf0 C:/devkitPro/libnx/lib\libnx.a(fs.o)
                0x000000000000c660                fsFsDeleteFile
 .text.fsFsCreateDirectory
                0x000000000000c750       0xf0 C:/devkitPro/libnx/lib\libnx.a(fs.o)
                0x000000000000c750                fsFsCreateDirectory
 .text.fsFsDeleteDirectory
                0x000000000000c840       0xf0 C:/devkitPro/libnx/lib\libnx.a(fs.o)
                0x000000000000c840                fsFsDeleteDirectory
 .text.fsFsRenameFile
                0x000000000000c930      0x11c C:/devkitPro/libnx/lib\libnx.a(fs.o)
                0x000000000000c930                fsFsRenameFile
 *fill*         0x000000000000ca4c        0x4 
 .text.fsFsRenameDirectory
                0x000000000000ca50      0x11c C:/devkitPro/libnx/lib\libnx.a(fs.o)
                0x000000000000ca50                fsFsRenameDirectory
 *fill*         0x000000000000cb6c        0x4 
 .text.fsFsGetEntryType
                0x000000000000cb70      0x104 C:/devkitPro/libnx/lib\libnx.a(fs.o)
                0x000000000000cb70                fsFsGetEntryType
 *fill*         0x000000000000cc74        0xc 
 .text.fsFsOpenFile
                0x000000000000cc80      0x154 C:/devkitPro/libnx/lib\libnx.a(fs.o)
                0x000000000000cc80                fsFsOpenFile
 *fill*         0x000000000000cdd4        0xc 
 .text.fsFsOpenDirectory
                0x000000000000cde0      0x14c C:/devkitPro/libnx/lib\libnx.a(fs.o)
                0x000000000000cde0                fsFsOpenDirectory
 *fill*         0x000000000000cf2c        0x4 
 .text.fsFsGetFreeSpace
                0x000000000000cf30      0x104 C:/devkitPro/libnx/lib\libnx.a(fs.o)
                0x000000000000cf30                fsFsGetFreeSpace
 *fill*         0x000000000000d034        0xc 
 .text.fsFsGetTotalSpace
                0x000000000000d040      0x104 C:/devkitPro/libnx/lib\libnx.a(fs.o)
                0x000000000000d040                fsFsGetTotalSpace
 *fill*         0x000000000000d144        0xc 
 .text.fsFsClose
                0x000000000000d150       0x6c C:/devkitPro/libnx/lib\libnx.a(fs.o)
                0x000000000000d150                fsFsClose
 *fill*         0x000000000000d1bc        0x4 
 .text.fsFileRead
                0x000000000000d1c0      0x108 C:/devkitPro/libnx/lib\libnx.a(fs.o)
                0x000000000000d1c0                fsFileRead
 *fill*         0x000000000000d2c8        0x8 
 .text.fsFileWrite
                0x000000000000d2d0       0xf8 C:/devkitPro/libnx/lib\libnx.a(fs.o)
                0x000000000000d2d0                fsFileWrite
 *fill*         0x000000000000d3c8        0x8 
 .text.fsFileFlush
                0x000000000000d3d0       0xc8 C:/devkitPro/libnx/lib\libnx.a(fs.o)
                0x000000000000d3d0                fsFileFlush
 *fill*         0x000000000000d498        0x8 
 .text.fsFileSetSize
                0x000000000000d4a0       0xc8 C:/devkitPro/libnx/lib\libnx.a(fs.o)
                0x000000000000d4a0                fsFileSetSize
 *fill*         0x000000000000d568        0x8 
 .text.fsFileGetSize
                0x000000000000d570       0xec C:/devkitPro/libnx/lib\libnx.a(fs.o)
                0x000000000000d570                fsFileGetSize
 *fill*         0x000000000000d65c        0x4 
 .text.fsFileClose
                0x000000000000d660       0x6c C:/devkitPro/libnx/lib\libnx.a(fs.o)
                0x000000000000d660                fsFileClose
 *fill*         0x000000000000d6cc        0x4 
 .text.fsDirClose
                0x000000000000d6d0       0x6c C:/devkitPro/libnx/lib\libnx.a(fs.o)
                0x000000000000d6d0                fsDirClose
 *fill*         0x000000000000d73c        0x4 
 .text.fsDirRead
                0x000000000000d740      0x110 C:/devkitPro/libnx/lib\libnx.a(fs.o)
                0x000000000000d740                fsDirRead
 .text.nxlinkSetup
                0x000000000000d850       0xc4 C:/devkitPro/libnx/lib\libnx.a(nxlink.o)
                0x000000000000d850                nxlinkSetup
 *fill*         0x000000000000d914        0x4 
 .text.bsearch  0x000000000000d918       0xb8 c:/devkitpro/devkita64/bin/../lib/gcc/aarch64-none-elf/8.2.0/../../../../aarch64-none-elf/lib/pic\libg.a(lib_a-bsearch.o)
                0x000000000000d918                bsearch
 .text.__errno  0x000000000000d9d0       0x14 c:/devkitpro/devkita64/bin/../lib/gcc/aarch64-none-elf/8.2.0/../../../../aarch64-none-elf/lib/pic\libg.a(lib_a-errno.o)
                0x000000000000d9d0                __errno
 *fill*         0x000000000000d9e4        0x4 
 .text.__libc_fini_array
                0x000000000000d9e8       0x44 c:/devkitpro/devkita64/bin/../lib/gcc/aarch64-none-elf/8.2.0/../../../../aarch64-none-elf/lib/pic\libg.a(lib_a-fini.o)
                0x000000000000d9e8                __libc_fini_array
 *fill*         0x000000000000da2c        0x4 
 .text.__libc_init_array
                0x000000000000da30       0x8c c:/devkitpro/devkita64/bin/../lib/gcc/aarch64-none-elf/8.2.0/../../../../aarch64-none-elf/lib/pic\libg.a(lib_a-init.o)
                0x000000000000da30                __libc_init_array
 *fill*         0x000000000000dabc        0x4 
 .text.iprintf  0x000000000000dac0       0x8c c:/devkitpro/devkita64/bin/../lib/gcc/aarch64-none-elf/8.2.0/../../../../aarch64-none-elf/lib/pic\libg.a(lib_a-iprintf.o)
                0x000000000000dac0                iprintf
 *fill*         0x000000000000db4c        0x4 
 .text.__locale_mb_cur_max
                0x000000000000db50       0x2c c:/devkitpro/devkita64/bin/../lib/gcc/aarch64-none-elf/8.2.0/../../../../aarch64-none-elf/lib/pic\libg.a(lib_a-locale.o)
                0x000000000000db50                __locale_mb_cur_max
 *fill*         0x000000000000db7c        0x4 
 .text.__locale_ctype_ptr_l
                0x000000000000db80        0x8 c:/devkitpro/devkita64/bin/../lib/gcc/aarch64-none-elf/8.2.0/../../../../aarch64-none-elf/lib/pic\libg.a(lib_a-locale.o)
                0x000000000000db80                __locale_ctype_ptr_l
 .text.__locale_ctype_ptr
                0x000000000000db88       0x2c c:/devkitpro/devkita64/bin/../lib/gcc/aarch64-none-elf/8.2.0/../../../../aarch64-none-elf/lib/pic\libg.a(lib_a-locale.o)
                0x000000000000db88                __locale_ctype_ptr
 *fill*         0x000000000000dbb4        0x4 
 .text.memalign
                0x000000000000dbb8       0x30 c:/devkitpro/devkita64/bin/../lib/gcc/aarch64-none-elf/8.2.0/../../../../aarch64-none-elf/lib/pic\libg.a(lib_a-malign.o)
                0x000000000000dbb8                memalign
 .text._memalign_r
                0x000000000000dbe8      0x198 c:/devkitpro/devkita64/bin/../lib/gcc/aarch64-none-elf/8.2.0/../../../../aarch64-none-elf/lib/pic\libg.a(lib_a-malignr.o)
                0x000000000000dbe8                _memalign_r
 .text.malloc   0x000000000000dd80       0x1c c:/devkitpro/devkita64/bin/../lib/gcc/aarch64-none-elf/8.2.0/../../../../aarch64-none-elf/lib/pic\libg.a(lib_a-malloc.o)
                0x000000000000dd80                malloc
 *fill*         0x000000000000dd9c        0x4 
 .text.free     0x000000000000dda0       0x1c c:/devkitpro/devkita64/bin/../lib/gcc/aarch64-none-elf/8.2.0/../../../../aarch64-none-elf/lib/pic\libg.a(lib_a-malloc.o)
                0x000000000000dda0                free
 *fill*         0x000000000000ddbc        0x4 
 .text._malloc_r
                0x000000000000ddc0      0x844 c:/devkitpro/devkita64/bin/../lib/gcc/aarch64-none-elf/8.2.0/../../../../aarch64-none-elf/lib/pic\libg.a(lib_a-mallocr.o)
                0x000000000000ddc0                _malloc_r
 *fill*         0x000000000000e604        0x4 
 .text.__utf8_mbtowc
                0x000000000000e608      0x2c8 c:/devkitpro/devkita64/bin/../lib/gcc/aarch64-none-elf/8.2.0/../../../../aarch64-none-elf/lib/pic\libg.a(lib_a-mbtowc_r.o)
                0x000000000000e608                __utf8_mbtowc
 .text          0x000000000000e8d0       0xd8 c:/devkitpro/devkita64/bin/../lib/gcc/aarch64-none-elf/8.2.0/../../../../aarch64-none-elf/lib/pic\libg.a(lib_a-memchr.o)
                0x000000000000e8d0                memchr
 *fill*         0x000000000000e9a8       0x18 
 .text          0x000000000000e9c0      0x16c c:/devkitpro/devkita64/bin/../lib/gcc/aarch64-none-elf/8.2.0/../../../../aarch64-none-elf/lib/pic\libg.a(lib_a-memcpy.o)
                0x000000000000e9c0                memcpy
 *fill*         0x000000000000eb2c       0x14 
 .text          0x000000000000eb40      0x1d8 c:/devkitpro/devkita64/bin/../lib/gcc/aarch64-none-elf/8.2.0/../../../../aarch64-none-elf/lib/pic\libg.a(lib_a-memset.o)
                0x000000000000eb40                memset
 .text.__malloc_lock
                0x000000000000ed18        0xc c:/devkitpro/devkita64/bin/../lib/gcc/aarch64-none-elf/8.2.0/../../../../aarch64-none-elf/lib/pic\libg.a(lib_a-mlock.o)
                0x000000000000ed18                __malloc_lock
 *fill*         0x000000000000ed24        0x4 
 .text.__malloc_unlock
                0x000000000000ed28        0xc c:/devkitpro/devkita64/bin/../lib/gcc/aarch64-none-elf/8.2.0/../../../../aarch64-none-elf/lib/pic\libg.a(lib_a-mlock.o)
                0x000000000000ed28                __malloc_unlock
 *fill*         0x000000000000ed34        0x4 
 .text.printf   0x000000000000ed38       0x8c c:/devkitpro/devkita64/bin/../lib/gcc/aarch64-none-elf/8.2.0/../../../../aarch64-none-elf/lib/pic\libg.a(lib_a-printf.o)
                0x000000000000ed38                printf
 *fill*         0x000000000000edc4        0x4 
 .text.setvbuf  0x000000000000edc8      0x25c c:/devkitpro/devkita64/bin/../lib/gcc/aarch64-none-elf/8.2.0/../../../../aarch64-none-elf/lib/pic\libg.a(lib_a-setvbuf.o)
                0x000000000000edc8                setvbuf
 *fill*         0x000000000000f024        0x4 
 .text.sscanf   0x000000000000f028       0xbc c:/devkitpro/devkita64/bin/../lib/gcc/aarch64-none-elf/8.2.0/../../../../aarch64-none-elf/lib/pic\libg.a(lib_a-sscanf.o)
                0x000000000000f028                sscanf
 *fill*         0x000000000000f0e4        0x4 
 .text.__sread  0x000000000000f0e8       0x50 c:/devkitpro/devkita64/bin/../lib/gcc/aarch64-none-elf/8.2.0/../../../../aarch64-none-elf/lib/pic\libg.a(lib_a-stdio.o)
                0x000000000000f0e8                __sread
 .text.__seofread
                0x000000000000f138        0x8 c:/devkitpro/devkita64/bin/../lib/gcc/aarch64-none-elf/8.2.0/../../../../aarch64-none-elf/lib/pic\libg.a(lib_a-stdio.o)
                0x000000000000f138                __seofread
 .text.__swrite
                0x000000000000f140       0x6c c:/devkitpro/devkita64/bin/../lib/gcc/aarch64-none-elf/8.2.0/../../../../aarch64-none-elf/lib/pic\libg.a(lib_a-stdio.o)
                0x000000000000f140                __swrite
 *fill*         0x000000000000f1ac        0x4 
 .text.__sseek  0x000000000000f1b0       0x50 c:/devkitpro/devkita64/bin/../lib/gcc/aarch64-none-elf/8.2.0/../../../../aarch64-none-elf/lib/pic\libg.a(lib_a-stdio.o)
                0x000000000000f1b0                __sseek
 .text.__sclose
                0x000000000000f200        0x8 c:/devkitpro/devkita64/bin/../lib/gcc/aarch64-none-elf/8.2.0/../../../../aarch64-none-elf/lib/pic\libg.a(lib_a-stdio.o)
                0x000000000000f200                __sclose
 .text          0x000000000000f208       0xdc c:/devkitpro/devkita64/bin/../lib/gcc/aarch64-none-elf/8.2.0/../../../../aarch64-none-elf/lib/pic\libg.a(lib_a-strchr.o)
                0x000000000000f208                strchr
 *fill*         0x000000000000f2e4       0x1c 
 .text          0x000000000000f300       0xa4 c:/devkitpro/devkita64/bin/../lib/gcc/aarch64-none-elf/8.2.0/../../../../aarch64-none-elf/lib/pic\libg.a(lib_a-strcmp.o)
                0x000000000000f300                strcmp
 *fill*         0x000000000000f3a4       0x1c 
 .text          0x000000000000f3c0      0x140 c:/devkitpro/devkita64/bin/../lib/gcc/aarch64-none-elf/8.2.0/../../../../aarch64-none-elf/lib/pic\libg.a(lib_a-strlen.o)
                0x000000000000f3c0                strlen
 .text.strncat  0x000000000000f500       0x84 c:/devkitpro/devkita64/bin/../lib/gcc/aarch64-none-elf/8.2.0/../../../../aarch64-none-elf/lib/pic\libg.a(lib_a-strncat.o)
                0x000000000000f500                strncat
 *fill*         0x000000000000f584       0x3c 
 .text          0x000000000000f5c0      0x124 c:/devkitpro/devkita64/bin/../lib/gcc/aarch64-none-elf/8.2.0/../../../../aarch64-none-elf/lib/pic\libg.a(lib_a-strncmp.o)
                0x000000000000f5dc                strncmp
 *fill*         0x000000000000f6e4        0x4 
 .text.strncpy  0x000000000000f6e8       0xa8 c:/devkitpro/devkita64/bin/../lib/gcc/aarch64-none-elf/8.2.0/../../../../aarch64-none-elf/lib/pic\libg.a(lib_a-strncpy.o)
                0x000000000000f6e8                strncpy
 *fill*         0x000000000000f790       0x30 
 .text          0x000000000000f7c0       0xe0 c:/devkitpro/devkita64/bin/../lib/gcc/aarch64-none-elf/8.2.0/../../../../aarch64-none-elf/lib/pic\libg.a(lib_a-strnlen.o)
                0x000000000000f7e4                strnlen
 .text._strtol_l.isra.0
                0x000000000000f8a0      0x1d0 c:/devkitpro/devkita64/bin/../lib/gcc/aarch64-none-elf/8.2.0/../../../../aarch64-none-elf/lib/pic\libg.a(lib_a-strtol.o)
 .text._strtol_r
                0x000000000000fa70       0x48 c:/devkitpro/devkita64/bin/../lib/gcc/aarch64-none-elf/8.2.0/../../../../aarch64-none-elf/lib/pic\libg.a(lib_a-strtol.o)
                0x000000000000fa70                _strtol_r
 .text._strtoul_l.isra.0
                0x000000000000fab8      0x1e0 c:/devkitpro/devkita64/bin/../lib/gcc/aarch64-none-elf/8.2.0/../../../../aarch64-none-elf/lib/pic\libg.a(lib_a-strtoul.o)
 .text._strtoul_r
                0x000000000000fc98       0x48 c:/devkitpro/devkita64/bin/../lib/gcc/aarch64-none-elf/8.2.0/../../../../aarch64-none-elf/lib/pic\libg.a(lib_a-strtoul.o)
                0x000000000000fc98                _strtoul_r
 .text.strtoul  0x000000000000fce0       0x5c c:/devkitpro/devkita64/bin/../lib/gcc/aarch64-none-elf/8.2.0/../../../../aarch64-none-elf/lib/pic\libg.a(lib_a-strtoul.o)
                0x000000000000fce0                strtoul
 .text.get_arg  0x000000000000fd3c       0x5c c:/devkitpro/devkita64/bin/../lib/gcc/aarch64-none-elf/8.2.0/../../../../aarch64-none-elf/lib/pic\libg.a(lib_a-svfscanf.o)
 .text.__ssvfscanf_r
                0x000000000000fd98     0x2f48 c:/devkitpro/devkita64/bin/../lib/gcc/aarch64-none-elf/8.2.0/../../../../aarch64-none-elf/lib/pic\libg.a(lib_a-svfscanf.o)
                0x000000000000fd98                __ssvfscanf_r
 .text.get_arg  0x0000000000012ce0      0x76c c:/devkitpro/devkita64/bin/../lib/gcc/aarch64-none-elf/8.2.0/../../../../aarch64-none-elf/lib/pic\libg.a(lib_a-vfiprintf.o)
 .text.__sprint_r
                0x000000000001344c       0x3c c:/devkitpro/devkita64/bin/../lib/gcc/aarch64-none-elf/8.2.0/../../../../aarch64-none-elf/lib/pic\libg.a(lib_a-vfiprintf.o)
                0x000000000001344c                __sprint_r
 .text._vfiprintf_r
                0x0000000000013488     0x2984 c:/devkitpro/devkita64/bin/../lib/gcc/aarch64-none-elf/8.2.0/../../../../aarch64-none-elf/lib/pic\libg.a(lib_a-vfiprintf.o)
                0x0000000000013488                _vfiprintf_r
 .text.__sbprintf
                0x0000000000015e0c       0xec c:/devkitpro/devkita64/bin/../lib/gcc/aarch64-none-elf/8.2.0/../../../../aarch64-none-elf/lib/pic\libg.a(lib_a-vfiprintf.o)
 .text.get_arg  0x0000000000015ef8      0x76c c:/devkitpro/devkita64/bin/../lib/gcc/aarch64-none-elf/8.2.0/../../../../aarch64-none-elf/lib/pic\libg.a(lib_a-vfprintf.o)
 .text._vfprintf_r
                0x0000000000016664     0x3bfc c:/devkitpro/devkita64/bin/../lib/gcc/aarch64-none-elf/8.2.0/../../../../aarch64-none-elf/lib/pic\libg.a(lib_a-vfprintf.o)
                0x0000000000016664                _vfprintf_r
 .text.__sbprintf
                0x000000000001a260       0xec c:/devkitpro/devkita64/bin/../lib/gcc/aarch64-none-elf/8.2.0/../../../../aarch64-none-elf/lib/pic\libg.a(lib_a-vfprintf.o)
 *fill*         0x000000000001a34c        0x4 
 .text._wcrtomb_r
                0x000000000001a350       0xd0 c:/devkitpro/devkita64/bin/../lib/gcc/aarch64-none-elf/8.2.0/../../../../aarch64-none-elf/lib/pic\libg.a(lib_a-wcrtomb.o)
                0x000000000001a350                _wcrtomb_r
 .text._wcsrtombs_r
                0x000000000001a420       0x10 c:/devkitpro/devkita64/bin/../lib/gcc/aarch64-none-elf/8.2.0/../../../../aarch64-none-elf/lib/pic\libg.a(lib_a-wcsrtombs.o)
                0x000000000001a420                _wcsrtombs_r
 .text.__utf8_wctomb
                0x000000000001a430       0xe4 c:/devkitpro/devkita64/bin/../lib/gcc/aarch64-none-elf/8.2.0/../../../../aarch64-none-elf/lib/pic\libg.a(lib_a-wctomb_r.o)
                0x000000000001a430                __utf8_wctomb
 *fill*         0x000000000001a514        0x4 
 .text.__swsetup_r
                0x000000000001a518      0x140 c:/devkitpro/devkita64/bin/../lib/gcc/aarch64-none-elf/8.2.0/../../../../aarch64-none-elf/lib/pic\libg.a(lib_a-wsetup.o)
                0x000000000001a518                __swsetup_r
 .text.__call_exitprocs
                0x000000000001a658      0x17c c:/devkitpro/devkita64/bin/../lib/gcc/aarch64-none-elf/8.2.0/../../../../aarch64-none-elf/lib/pic\libg.a(lib_a-__call_atexit.o)
                0x000000000001a658                __call_exitprocs
 *fill*         0x000000000001a7d4        0x4 
 .text.quorem   0x000000000001a7d8      0x1a8 c:/devkitpro/devkita64/bin/../lib/gcc/aarch64-none-elf/8.2.0/../../../../aarch64-none-elf/lib/pic\libg.a(lib_a-dtoa.o)
 .text._dtoa_r  0x000000000001a980     0x10dc c:/devkitpro/devkita64/bin/../lib/gcc/aarch64-none-elf/8.2.0/../../../../aarch64-none-elf/lib/pic\libg.a(lib_a-dtoa.o)
                0x000000000001a980                _dtoa_r
 *fill*         0x000000000001ba5c        0x4 
 .text.__sflush_r
                0x000000000001ba60      0x214 c:/devkitpro/devkita64/bin/../lib/gcc/aarch64-none-elf/8.2.0/../../../../aarch64-none-elf/lib/pic\libg.a(lib_a-fflush.o)
                0x000000000001ba60                __sflush_r
 *fill*         0x000000000001bc74        0x4 
 .text._fflush_r
                0x000000000001bc78       0xb8 c:/devkitpro/devkita64/bin/../lib/gcc/aarch64-none-elf/8.2.0/../../../../aarch64-none-elf/lib/pic\libg.a(lib_a-fflush.o)
                0x000000000001bc78                _fflush_r
 .text.std      0x000000000001bd30       0x78 c:/devkitpro/devkita64/bin/../lib/gcc/aarch64-none-elf/8.2.0/../../../../aarch64-none-elf/lib/pic\libg.a(lib_a-findfp.o)
 .text._cleanup_r
                0x000000000001bda8        0xc c:/devkitpro/devkita64/bin/../lib/gcc/aarch64-none-elf/8.2.0/../../../../aarch64-none-elf/lib/pic\libg.a(lib_a-findfp.o)
                0x000000000001bda8                _cleanup_r
 *fill*         0x000000000001bdb4        0x4 
 .text.__sfp_lock_acquire
                0x000000000001bdb8        0xc c:/devkitpro/devkita64/bin/../lib/gcc/aarch64-none-elf/8.2.0/../../../../aarch64-none-elf/lib/pic\libg.a(lib_a-findfp.o)
                0x000000000001bdb8                __sfp_lock_acquire
 *fill*         0x000000000001bdc4        0x4 
 .text.__sfp_lock_release
                0x000000000001bdc8        0xc c:/devkitpro/devkita64/bin/../lib/gcc/aarch64-none-elf/8.2.0/../../../../aarch64-none-elf/lib/pic\libg.a(lib_a-findfp.o)
                0x000000000001bdc8                __sfp_lock_release
 *fill*         0x000000000001bdd4        0x4 
 .text.__sinit_lock_acquire
                0x000000000001bdd8        0xc c:/devkitpro/devkita64/bin/../lib/gcc/aarch64-none-elf/8.2.0/../../../../aarch64-none-elf/lib/pic\libg.a(lib_a-findfp.o)
                0x000000000001bdd8                __sinit_lock_acquire
 *fill*         0x000000000001bde4        0x4 
 .text.__sinit_lock_release
                0x000000000001bde8        0xc c:/devkitpro/devkita64/bin/../lib/gcc/aarch64-none-elf/8.2.0/../../../../aarch64-none-elf/lib/pic\libg.a(lib_a-findfp.o)
                0x000000000001bde8                __sinit_lock_release
 *fill*         0x000000000001bdf4        0x4 
 .text.__sinit  0x000000000001bdf8       0x80 c:/devkitpro/devkita64/bin/../lib/gcc/aarch64-none-elf/8.2.0/../../../../aarch64-none-elf/lib/pic\libg.a(lib_a-findfp.o)
                0x000000000001bdf8                __sinit
 .text._malloc_trim_r
                0x000000000001be78      0x118 c:/devkitpro/devkita64/bin/../lib/gcc/aarch64-none-elf/8.2.0/../../../../aarch64-none-elf/lib/pic\libg.a(lib_a-freer.o)
                0x000000000001be78                _malloc_trim_r
 .text._free_r  0x000000000001bf90      0x2f4 c:/devkitpro/devkita64/bin/../lib/gcc/aarch64-none-elf/8.2.0/../../../../aarch64-none-elf/lib/pic\libg.a(lib_a-freer.o)
                0x000000000001bf90                _free_r
 *fill*         0x000000000001c284        0x4 
 .text.__sfvwrite_r
                0x000000000001c288      0x4b8 c:/devkitpro/devkita64/bin/../lib/gcc/aarch64-none-elf/8.2.0/../../../../aarch64-none-elf/lib/pic\libg.a(lib_a-fvwrite.o)
                0x000000000001c288                __sfvwrite_r
 .text._fwalk_reent
                0x000000000001c740       0xbc c:/devkitpro/devkita64/bin/../lib/gcc/aarch64-none-elf/8.2.0/../../../../aarch64-none-elf/lib/pic\libg.a(lib_a-fwalk.o)
                0x000000000001c740                _fwalk_reent
 *fill*         0x000000000001c7fc        0x4 
 .text.iswspace
                0x000000000001c800       0x84 c:/devkitpro/devkita64/bin/../lib/gcc/aarch64-none-elf/8.2.0/../../../../aarch64-none-elf/lib/pic\libg.a(lib_a-iswspace.o)
                0x000000000001c800                iswspace
 *fill*         0x000000000001c884        0x4 
 .text.__jp2uc  0x000000000001c888      0x244 c:/devkitpro/devkita64/bin/../lib/gcc/aarch64-none-elf/8.2.0/../../../../aarch64-none-elf/lib/pic\libg.a(lib_a-jp2uc.o)
 *fill*         0x000000000001cacc        0x4 
 .text._jp2uc   0x000000000001cad0       0xd0 c:/devkitpro/devkita64/bin/../lib/gcc/aarch64-none-elf/8.2.0/../../../../aarch64-none-elf/lib/pic\libg.a(lib_a-jp2uc.o)
                0x000000000001cad0                _jp2uc
 .text.__localeconv_l
                0x000000000001cba0        0x8 c:/devkitpro/devkita64/bin/../lib/gcc/aarch64-none-elf/8.2.0/../../../../aarch64-none-elf/lib/pic\libg.a(lib_a-localeconv.o)
                0x000000000001cba0                __localeconv_l
 .text._localeconv_r
                0x000000000001cba8       0x28 c:/devkitpro/devkita64/bin/../lib/gcc/aarch64-none-elf/8.2.0/../../../../aarch64-none-elf/lib/pic\libg.a(lib_a-localeconv.o)
                0x000000000001cba8                _localeconv_r
 .text.__swhatbuf_r
                0x000000000001cbd0       0xa4 c:/devkitpro/devkita64/bin/../lib/gcc/aarch64-none-elf/8.2.0/../../../../aarch64-none-elf/lib/pic\libg.a(lib_a-makebuf.o)
                0x000000000001cbd0                __swhatbuf_r
 *fill*         0x000000000001cc74        0x4 
 .text.__smakebuf_r
                0x000000000001cc78      0x10c c:/devkitpro/devkita64/bin/../lib/gcc/aarch64-none-elf/8.2.0/../../../../aarch64-none-elf/lib/pic\libg.a(lib_a-makebuf.o)
                0x000000000001cc78                __smakebuf_r
 *fill*         0x000000000001cd84        0x4 
 .text._mbrtowc_r
                0x000000000001cd88       0xd8 c:/devkitpro/devkita64/bin/../lib/gcc/aarch64-none-elf/8.2.0/../../../../aarch64-none-elf/lib/pic\libg.a(lib_a-mbrtowc.o)
                0x000000000001cd88                _mbrtowc_r
 *fill*         0x000000000001ce60       0x20 
 .text          0x000000000001ce80       0xac c:/devkitpro/devkita64/bin/../lib/gcc/aarch64-none-elf/8.2.0/../../../../aarch64-none-elf/lib/pic\libg.a(lib_a-memmove.o)
                0x000000000001ce80                memmove
 *fill*         0x000000000001cf2c        0x4 
 .text._Balloc  0x000000000001cf30       0x90 c:/devkitpro/devkita64/bin/../lib/gcc/aarch64-none-elf/8.2.0/../../../../aarch64-none-elf/lib/pic\libg.a(lib_a-mprec.o)
                0x000000000001cf30                _Balloc
 .text._Bfree   0x000000000001cfc0       0x1c c:/devkitpro/devkita64/bin/../lib/gcc/aarch64-none-elf/8.2.0/../../../../aarch64-none-elf/lib/pic\libg.a(lib_a-mprec.o)
                0x000000000001cfc0                _Bfree
 *fill*         0x000000000001cfdc        0x4 
 .text.__multadd
                0x000000000001cfe0       0xe8 c:/devkitpro/devkita64/bin/../lib/gcc/aarch64-none-elf/8.2.0/../../../../aarch64-none-elf/lib/pic\libg.a(lib_a-mprec.o)
                0x000000000001cfe0                __multadd
 .text.__s2b    0x000000000001d0c8      0x120 c:/devkitpro/devkita64/bin/../lib/gcc/aarch64-none-elf/8.2.0/../../../../aarch64-none-elf/lib/pic\libg.a(lib_a-mprec.o)
                0x000000000001d0c8                __s2b
 .text.__hi0bits
                0x000000000001d1e8       0x5c c:/devkitpro/devkita64/bin/../lib/gcc/aarch64-none-elf/8.2.0/../../../../aarch64-none-elf/lib/pic\libg.a(lib_a-mprec.o)
                0x000000000001d1e8                __hi0bits
 *fill*         0x000000000001d244        0x4 
 .text.__lo0bits
                0x000000000001d248       0xa0 c:/devkitpro/devkita64/bin/../lib/gcc/aarch64-none-elf/8.2.0/../../../../aarch64-none-elf/lib/pic\libg.a(lib_a-mprec.o)
                0x000000000001d248                __lo0bits
 .text.__i2b    0x000000000001d2e8       0x2c c:/devkitpro/devkita64/bin/../lib/gcc/aarch64-none-elf/8.2.0/../../../../aarch64-none-elf/lib/pic\libg.a(lib_a-mprec.o)
                0x000000000001d2e8                __i2b
 *fill*         0x000000000001d314        0x4 
 .text.__multiply
                0x000000000001d318      0x1c8 c:/devkitpro/devkita64/bin/../lib/gcc/aarch64-none-elf/8.2.0/../../../../aarch64-none-elf/lib/pic\libg.a(lib_a-mprec.o)
                0x000000000001d318                __multiply
 .text.__pow5mult
                0x000000000001d4e0      0x104 c:/devkitpro/devkita64/bin/../lib/gcc/aarch64-none-elf/8.2.0/../../../../aarch64-none-elf/lib/pic\libg.a(lib_a-mprec.o)
                0x000000000001d4e0                __pow5mult
 *fill*         0x000000000001d5e4        0x4 
 .text.__lshift
                0x000000000001d5e8      0x134 c:/devkitpro/devkita64/bin/../lib/gcc/aarch64-none-elf/8.2.0/../../../../aarch64-none-elf/lib/pic\libg.a(lib_a-mprec.o)
                0x000000000001d5e8                __lshift
 *fill*         0x000000000001d71c        0x4 
 .text.__mcmp   0x000000000001d720       0x50 c:/devkitpro/devkita64/bin/../lib/gcc/aarch64-none-elf/8.2.0/../../../../aarch64-none-elf/lib/pic\libg.a(lib_a-mprec.o)
                0x000000000001d720                __mcmp
 .text.__mdiff  0x000000000001d770      0x14c c:/devkitpro/devkita64/bin/../lib/gcc/aarch64-none-elf/8.2.0/../../../../aarch64-none-elf/lib/pic\libg.a(lib_a-mprec.o)
                0x000000000001d770                __mdiff
 *fill*         0x000000000001d8bc        0x4 
 .text.__ulp    0x000000000001d8c0       0x68 c:/devkitpro/devkita64/bin/../lib/gcc/aarch64-none-elf/8.2.0/../../../../aarch64-none-elf/lib/pic\libg.a(lib_a-mprec.o)
                0x000000000001d8c0                __ulp
 .text.__b2d    0x000000000001d928      0x150 c:/devkitpro/devkita64/bin/../lib/gcc/aarch64-none-elf/8.2.0/../../../../aarch64-none-elf/lib/pic\libg.a(lib_a-mprec.o)
                0x000000000001d928                __b2d
 .text.__d2b    0x000000000001da78      0x138 c:/devkitpro/devkita64/bin/../lib/gcc/aarch64-none-elf/8.2.0/../../../../aarch64-none-elf/lib/pic\libg.a(lib_a-mprec.o)
                0x000000000001da78                __d2b
 .text.__ratio  0x000000000001dbb0       0xa0 c:/devkitpro/devkita64/bin/../lib/gcc/aarch64-none-elf/8.2.0/../../../../aarch64-none-elf/lib/pic\libg.a(lib_a-mprec.o)
                0x000000000001dbb0                __ratio
 .text.__copybits
                0x000000000001dc50       0x68 c:/devkitpro/devkita64/bin/../lib/gcc/aarch64-none-elf/8.2.0/../../../../aarch64-none-elf/lib/pic\libg.a(lib_a-mprec.o)
                0x000000000001dc50                __copybits
 .text.__any_on
                0x000000000001dcb8       0x84 c:/devkitpro/devkita64/bin/../lib/gcc/aarch64-none-elf/8.2.0/../../../../aarch64-none-elf/lib/pic\libg.a(lib_a-mprec.o)
                0x000000000001dcb8                __any_on
 *fill*         0x000000000001dd3c        0x4 
 .text.realloc  0x000000000001dd40       0x30 c:/devkitpro/devkita64/bin/../lib/gcc/aarch64-none-elf/8.2.0/../../../../aarch64-none-elf/lib/pic\libg.a(lib_a-realloc.o)
                0x000000000001dd40                realloc
 .text._realloc_r
                0x000000000001dd70      0x56c c:/devkitpro/devkita64/bin/../lib/gcc/aarch64-none-elf/8.2.0/../../../../aarch64-none-elf/lib/pic\libg.a(lib_a-reallocr.o)
                0x000000000001dd70                _realloc_r
 *fill*         0x000000000001e2dc        0x4 
 .text.__sccl   0x000000000001e2e0       0xbc c:/devkitpro/devkita64/bin/../lib/gcc/aarch64-none-elf/8.2.0/../../../../aarch64-none-elf/lib/pic\libg.a(lib_a-sccl.o)
                0x000000000001e2e0                __sccl
 *fill*         0x000000000001e39c        0x4 
 .text.nanf     0x000000000001e3a0        0xc c:/devkitpro/devkita64/bin/../lib/gcc/aarch64-none-elf/8.2.0/../../../../aarch64-none-elf/lib/pic\libg.a(lib_a-sf_nan.o)
                0x000000000001e3a0                nanf
 *fill*         0x000000000001e3ac        0x4 
 .text.frexp    0x000000000001e3b0       0x7c c:/devkitpro/devkita64/bin/../lib/gcc/aarch64-none-elf/8.2.0/../../../../aarch64-none-elf/lib/pic\libg.a(lib_a-s_frexp.o)
                0x000000000001e3b0                frexp
 *fill*         0x000000000001e42c        0x4 
 .text.sprintf  0x000000000001e430       0xa8 c:/devkitpro/devkita64/bin/../lib/gcc/aarch64-none-elf/8.2.0/../../../../aarch64-none-elf/lib/pic\libg.a(lib_a-sprintf.o)
                0x000000000001e430                sprintf
 .text.stpncpy  0x000000000001e4d8       0xc8 c:/devkitpro/devkita64/bin/../lib/gcc/aarch64-none-elf/8.2.0/../../../../aarch64-none-elf/lib/pic\libg.a(lib_a-stpncpy.o)
                0x000000000001e4d8                stpncpy
 .text.sulp     0x000000000001e5a0       0x54 c:/devkitpro/devkita64/bin/../lib/gcc/aarch64-none-elf/8.2.0/../../../../aarch64-none-elf/lib/pic\libg.a(lib_a-strtod.o)
 *fill*         0x000000000001e5f4        0x4 
 .text._strtod_l
                0x000000000001e5f8     0x10f0 c:/devkitpro/devkita64/bin/../lib/gcc/aarch64-none-elf/8.2.0/../../../../aarch64-none-elf/lib/pic\libg.a(lib_a-strtod.o)
                0x000000000001e5f8                _strtod_l
 .text._strtod_r
                0x000000000001f6e8       0x40 c:/devkitpro/devkita64/bin/../lib/gcc/aarch64-none-elf/8.2.0/../../../../aarch64-none-elf/lib/pic\libg.a(lib_a-strtod.o)
                0x000000000001f6e8                _strtod_r
 .text._strtoll_l.isra.0
                0x000000000001f728      0x1d0 c:/devkitpro/devkita64/bin/../lib/gcc/aarch64-none-elf/8.2.0/../../../../aarch64-none-elf/lib/pic\libg.a(lib_a-strtoll.o)
 .text._strtoll_r
                0x000000000001f8f8       0x48 c:/devkitpro/devkita64/bin/../lib/gcc/aarch64-none-elf/8.2.0/../../../../aarch64-none-elf/lib/pic\libg.a(lib_a-strtoll.o)
                0x000000000001f8f8                _strtoll_r
 .text._strtoull_l.isra.0
                0x000000000001f940      0x1e0 c:/devkitpro/devkita64/bin/../lib/gcc/aarch64-none-elf/8.2.0/../../../../aarch64-none-elf/lib/pic\libg.a(lib_a-strtoull.o)
 .text._strtoull_r
                0x000000000001fb20       0x48 c:/devkitpro/devkita64/bin/../lib/gcc/aarch64-none-elf/8.2.0/../../../../aarch64-none-elf/lib/pic\libg.a(lib_a-strtoull.o)
                0x000000000001fb20                _strtoull_r
 .text.__ssprint_r
                0x000000000001fb68      0x1c0 c:/devkitpro/devkita64/bin/../lib/gcc/aarch64-none-elf/8.2.0/../../../../aarch64-none-elf/lib/pic\libg.a(lib_a-svfiprintf.o)
                0x000000000001fb68                __ssprint_r
 .text._sungetc_r
                0x000000000001fd28       0xf4 c:/devkitpro/devkita64/bin/../lib/gcc/aarch64-none-elf/8.2.0/../../../../aarch64-none-elf/lib/pic\libg.a(lib_a-svfiscanf.o)
                0x000000000001fd28                _sungetc_r
 .text.__ssrefill_r
                0x000000000001fe1c       0x70 c:/devkitpro/devkita64/bin/../lib/gcc/aarch64-none-elf/8.2.0/../../../../aarch64-none-elf/lib/pic\libg.a(lib_a-svfiscanf.o)
                0x000000000001fe1c                __ssrefill_r
 .text._sfread_r
                0x000000000001fe8c       0xe0 c:/devkitpro/devkita64/bin/../lib/gcc/aarch64-none-elf/8.2.0/../../../../aarch64-none-elf/lib/pic\libg.a(lib_a-svfiscanf.o)
                0x000000000001fe8c                _sfread_r
 .text.get_arg  0x000000000001ff6c      0x76c c:/devkitpro/devkita64/bin/../lib/gcc/aarch64-none-elf/8.2.0/../../../../aarch64-none-elf/lib/pic\libg.a(lib_a-svfprintf.o)
 .text._svfprintf_r
                0x00000000000206d8     0x3b44 c:/devkitpro/devkita64/bin/../lib/gcc/aarch64-none-elf/8.2.0/../../../../aarch64-none-elf/lib/pic\libg.a(lib_a-svfprintf.o)
                0x00000000000206d8                _svfprintf_r
 *fill*         0x000000000002421c        0x4 
 .text.__submore
                0x0000000000024220       0xc8 c:/devkitpro/devkita64/bin/../lib/gcc/aarch64-none-elf/8.2.0/../../../../aarch64-none-elf/lib/pic\libg.a(lib_a-ungetc.o)
                0x0000000000024220                __submore
 .text._wcsnrtombs_l
                0x00000000000242e8      0x1dc c:/devkitpro/devkita64/bin/../lib/gcc/aarch64-none-elf/8.2.0/../../../../aarch64-none-elf/lib/pic\libg.a(lib_a-wcsnrtombs.o)
                0x00000000000242e8                _wcsnrtombs_l
 *fill*         0x00000000000244c4        0x4 
 .text._wcsnrtombs_r
                0x00000000000244c8       0x54 c:/devkitpro/devkita64/bin/../lib/gcc/aarch64-none-elf/8.2.0/../../../../aarch64-none-elf/lib/pic\libg.a(lib_a-wcsnrtombs.o)
                0x00000000000244c8                _wcsnrtombs_r
 *fill*         0x000000000002451c        0x4 
 .text._calloc_r
                0x0000000000024520       0x94 c:/devkitpro/devkita64/bin/../lib/gcc/aarch64-none-elf/8.2.0/../../../../aarch64-none-elf/lib/pic\libg.a(lib_a-callocr.o)
                0x0000000000024520                _calloc_r
 *fill*         0x00000000000245b4        0x4 
 .text._fclose_r
                0x00000000000245b8      0x15c c:/devkitpro/devkita64/bin/../lib/gcc/aarch64-none-elf/8.2.0/../../../../aarch64-none-elf/lib/pic\libg.a(lib_a-fclose.o)
                0x00000000000245b8                _fclose_r
 *fill*         0x0000000000024714        0x4 
 .text.rshift   0x0000000000024718      0x114 c:/devkitpro/devkita64/bin/../lib/gcc/aarch64-none-elf/8.2.0/../../../../aarch64-none-elf/lib/pic\libg.a(lib_a-gdtoa-gethex.o)
 *fill*         0x000000000002482c        0x4 
 .text.__gethex
                0x0000000000024830      0x7e8 c:/devkitpro/devkita64/bin/../lib/gcc/aarch64-none-elf/8.2.0/../../../../aarch64-none-elf/lib/pic\libg.a(lib_a-gdtoa-gethex.o)
                0x0000000000024830                __gethex
 .text.__match  0x0000000000025018       0x48 c:/devkitpro/devkita64/bin/../lib/gcc/aarch64-none-elf/8.2.0/../../../../aarch64-none-elf/lib/pic\libg.a(lib_a-gdtoa-hexnan.o)
                0x0000000000025018                __match
 .text.__hexnan
                0x0000000000025060      0x22c c:/devkitpro/devkita64/bin/../lib/gcc/aarch64-none-elf/8.2.0/../../../../aarch64-none-elf/lib/pic\libg.a(lib_a-gdtoa-hexnan.o)
                0x0000000000025060                __hexnan
 *fill*         0x000000000002528c        0x4 
 .text.null_write
                0x0000000000025290        0x8 c:/devkitpro/devkita64/bin/../lib/gcc/aarch64-none-elf/8.2.0/../../../../aarch64-none-elf/lib/pic\libsysbase.a(iosupport.o)
 .text.setDefaultDevice
                0x0000000000025298       0x18 c:/devkitpro/devkita64/bin/../lib/gcc/aarch64-none-elf/8.2.0/../../../../aarch64-none-elf/lib/pic\libsysbase.a(iosupport.o)
                0x0000000000025298                setDefaultDevice
 .text.FindDevice
                0x00000000000252b0       0xf8 c:/devkitpro/devkita64/bin/../lib/gcc/aarch64-none-elf/8.2.0/../../../../aarch64-none-elf/lib/pic\libsysbase.a(iosupport.o)
                0x00000000000252b0                FindDevice
 .text.RemoveDevice
                0x00000000000253a8       0x34 c:/devkitpro/devkita64/bin/../lib/gcc/aarch64-none-elf/8.2.0/../../../../aarch64-none-elf/lib/pic\libsysbase.a(iosupport.o)
                0x00000000000253a8                RemoveDevice
 *fill*         0x00000000000253dc        0x4 
 .text.AddDevice
                0x00000000000253e0       0xd8 c:/devkitpro/devkita64/bin/../lib/gcc/aarch64-none-elf/8.2.0/../../../../aarch64-none-elf/lib/pic\libsysbase.a(iosupport.o)
                0x00000000000253e0                AddDevice
 .text._close_r
                0x00000000000254b8       0xa8 c:/devkitpro/devkita64/bin/../lib/gcc/aarch64-none-elf/8.2.0/../../../../aarch64-none-elf/lib/pic\libsysbase.a(close.o)
                0x00000000000254b8                _close_r
 .text._fstat_r
                0x0000000000025560       0x80 c:/devkitpro/devkita64/bin/../lib/gcc/aarch64-none-elf/8.2.0/../../../../aarch64-none-elf/lib/pic\libsysbase.a(fstat.o)
                0x0000000000025560                _fstat_r
 .text._isatty_r
                0x00000000000255e0        0x8 c:/devkitpro/devkita64/bin/../lib/gcc/aarch64-none-elf/8.2.0/../../../../aarch64-none-elf/lib/pic\libsysbase.a(isatty.o)
                0x00000000000255e0                _isatty_r
 .text._lseek_r
                0x00000000000255e8       0x94 c:/devkitpro/devkita64/bin/../lib/gcc/aarch64-none-elf/8.2.0/../../../../aarch64-none-elf/lib/pic\libsysbase.a(lseek.o)
                0x00000000000255e8                _lseek_r
 *fill*         0x000000000002567c        0x4 
 .text._read_r  0x0000000000025680       0xa4 c:/devkitpro/devkita64/bin/../lib/gcc/aarch64-none-elf/8.2.0/../../../../aarch64-none-elf/lib/pic\libsysbase.a(read.o)
                0x0000000000025680                _read_r
 *fill*         0x0000000000025724        0x4 
 .text._sbrk_r  0x0000000000025728       0x78 c:/devkitpro/devkita64/bin/../lib/gcc/aarch64-none-elf/8.2.0/../../../../aarch64-none-elf/lib/pic\libsysbase.a(sbrk.o)
                0x0000000000025728                _sbrk_r
 .text._write_r
                0x00000000000257a0       0xa4 c:/devkitpro/devkita64/bin/../lib/gcc/aarch64-none-elf/8.2.0/../../../../aarch64-none-elf/lib/pic\libsysbase.a(write.o)
                0x00000000000257a0                _write_r
 *fill*         0x0000000000025844        0x4 
 .text._exit    0x0000000000025848       0x24 c:/devkitpro/devkita64/bin/../lib/gcc/aarch64-none-elf/8.2.0/../../../../aarch64-none-elf/lib/pic\libsysbase.a(_exit.o)
                0x0000000000025848                _exit
 *fill*         0x000000000002586c        0x4 
 .text._concatenate_path
                0x0000000000025870      0x234 c:/devkitpro/devkita64/bin/../lib/gcc/aarch64-none-elf/8.2.0/../../../../aarch64-none-elf/lib/pic\libsysbase.a(chdir.o)
                0x0000000000025870                _concatenate_path
 *fill*         0x0000000000025aa4        0x4 
 .text.chdir    0x0000000000025aa8      0x178 c:/devkitpro/devkita64/bin/../lib/gcc/aarch64-none-elf/8.2.0/../../../../aarch64-none-elf/lib/pic\libsysbase.a(chdir.o)
                0x0000000000025aa8                chdir
 .text.__libc_lock_acquire
                0x0000000000025c20       0x18 c:/devkitpro/devkita64/bin/../lib/gcc/aarch64-none-elf/8.2.0/../../../../aarch64-none-elf/lib/pic\libsysbase.a(syscall_support.o)
                0x0000000000025c20                __libc_lock_acquire
 .text.__libc_lock_release
                0x0000000000025c38       0x18 c:/devkitpro/devkita64/bin/../lib/gcc/aarch64-none-elf/8.2.0/../../../../aarch64-none-elf/lib/pic\libsysbase.a(syscall_support.o)
                0x0000000000025c38                __libc_lock_release
 .text.__libc_lock_init_recursive
                0x0000000000025c50       0x18 c:/devkitpro/devkita64/bin/../lib/gcc/aarch64-none-elf/8.2.0/../../../../aarch64-none-elf/lib/pic\libsysbase.a(syscall_support.o)
                0x0000000000025c50                __libc_lock_init_recursive
 .text.__libc_lock_acquire_recursive
                0x0000000000025c68       0x18 c:/devkitpro/devkita64/bin/../lib/gcc/aarch64-none-elf/8.2.0/../../../../aarch64-none-elf/lib/pic\libsysbase.a(syscall_support.o)
                0x0000000000025c68                __libc_lock_acquire_recursive
 .text.__libc_lock_release_recursive
                0x0000000000025c80       0x18 c:/devkitpro/devkita64/bin/../lib/gcc/aarch64-none-elf/8.2.0/../../../../aarch64-none-elf/lib/pic\libsysbase.a(syscall_support.o)
                0x0000000000025c80                __libc_lock_release_recursive
 .text.__libc_lock_close_recursive
                0x0000000000025c98       0x18 c:/devkitpro/devkita64/bin/../lib/gcc/aarch64-none-elf/8.2.0/../../../../aarch64-none-elf/lib/pic\libsysbase.a(syscall_support.o)
                0x0000000000025c98                __libc_lock_close_recursive
 .text.__free_handle
                0x0000000000025cb0       0x3c c:/devkitpro/devkita64/bin/../lib/gcc/aarch64-none-elf/8.2.0/../../../../aarch64-none-elf/lib/pic\libsysbase.a(handle_manager.o)
                0x0000000000025cb0                __free_handle
 *fill*         0x0000000000025cec        0x4 
 .text.__release_handle
                0x0000000000025cf0       0x58 c:/devkitpro/devkita64/bin/../lib/gcc/aarch64-none-elf/8.2.0/../../../../aarch64-none-elf/lib/pic\libsysbase.a(handle_manager.o)
                0x0000000000025cf0                __release_handle
 .text.__get_handle
                0x0000000000025d48       0x20 c:/devkitpro/devkita64/bin/../lib/gcc/aarch64-none-elf/8.2.0/../../../../aarch64-none-elf/lib/pic\libsysbase.a(handle_manager.o)
                0x0000000000025d48                __get_handle
 .text.__getreent
                0x0000000000025d68       0x24 c:/devkitpro/devkita64/bin/../lib/gcc/aarch64-none-elf/8.2.0/../../../../aarch64-none-elf/lib/pic\libsysbase.a(getreent.o)
                0x0000000000025d68                __getreent
 *fill*         0x0000000000025d8c        0x4 
 .text.__extenddftf2
                0x0000000000025d90      0x150 c:/devkitpro/devkita64/bin/../lib/gcc/aarch64-none-elf/8.2.0/pic\libgcc.a(extenddftf2.o)
                0x0000000000025d90                __extenddftf2
 .text.__trunctfdf2
                0x0000000000025ee0      0x350 c:/devkitpro/devkita64/bin/../lib/gcc/aarch64-none-elf/8.2.0/pic\libgcc.a(trunctfdf2.o)
                0x0000000000025ee0                __trunctfdf2
 .text.__sfp_handle_exceptions
                0x0000000000026230       0x70 c:/devkitpro/devkita64/bin/../lib/gcc/aarch64-none-elf/8.2.0/pic\libgcc.a(sfp-exceptions.o)